Component: ARM Compiler 5.06 update 1 (build 61) Tool: armlink [4d35a8]

==============================================================================

Section Cross References

    main.o(i.SystemClock_Config) refers to rt_memclr_w.o(.text) for __aeabi_memclr4
    main.o(i.SystemClock_Config) refers to stm32f1xx_hal_rcc.o(i.HAL_RCC_OscConfig) for HAL_RCC_OscConfig
    main.o(i.SystemClock_Config) refers to main.o(i.Error_Handler) for Error_Handler
    main.o(i.SystemClock_Config) refers to stm32f1xx_hal_rcc.o(i.HAL_RCC_ClockConfig) for HAL_RCC_ClockConfig
    main.o(i.fluLedConrtolCallback) refers to stm32f1xx_hal_gpio.o(i.HAL_GPIO_WritePin) for HAL_GPIO_WritePin
    main.o(i.main) refers to _printf_percent.o(.ARM.Collect$$_printf_percent$$00000000) for _printf_percent
    main.o(i.main) refers to _printf_d.o(.ARM.Collect$$_printf_percent$$00000009) for _printf_d
    main.o(i.main) refers to _printf_s.o(.ARM.Collect$$_printf_percent$$00000014) for _printf_s
    main.o(i.main) refers to _printf_dec.o(.text) for _printf_int_dec
    main.o(i.main) refers to _printf_str.o(.text) for _printf_str
    main.o(i.main) refers to stm32f1xx_hal.o(i.HAL_Init) for HAL_Init
    main.o(i.main) refers to main.o(i.SystemClock_Config) for SystemClock_Config
    main.o(i.main) refers to gpio.o(i.MX_GPIO_Init) for MX_GPIO_Init
    main.o(i.main) refers to usart.o(i.MX_USART1_UART_Init) for MX_USART1_UART_Init
    main.o(i.main) refers to usart.o(i.MX_USART2_UART_Init) for MX_USART2_UART_Init
    main.o(i.main) refers to app.o(i.fluLedCallbackRegister) for fluLedCallbackRegister
    main.o(i.main) refers to noretval__2printf.o(.text) for __2printf
    main.o(i.main) refers to main.o(i.usartRecvInterruptEnable) for usartRecvInterruptEnable
    main.o(i.main) refers to app.o(i.appTask) for appTask
    main.o(i.main) refers to main.o(i.fluLedConrtolCallback) for fluLedConrtolCallback
    main.o(i.main) refers to main.o(.constdata) for __func__
    main.o(i.main) refers to main.o(.conststring) for .conststring
    main.o(i.usartRecvInterruptEnable) refers to usart.o(.bss) for huart1
    gpio.o(i.MX_GPIO_Init) refers to stm32f1xx_hal_gpio.o(i.HAL_GPIO_WritePin) for HAL_GPIO_WritePin
    gpio.o(i.MX_GPIO_Init) refers to stm32f1xx_hal_gpio.o(i.HAL_GPIO_Init) for HAL_GPIO_Init
    usart.o(.rev16_text) refers (Special) to use_no_semi_2.o(.text) for __use_no_semihosting
    usart.o(.revsh_text) refers (Special) to use_no_semi_2.o(.text) for __use_no_semihosting
    usart.o(.rrx_text) refers (Special) to use_no_semi_2.o(.text) for __use_no_semihosting
    usart.o(i.HAL_UART_MspDeInit) refers (Special) to use_no_semi_2.o(.text) for __use_no_semihosting
    usart.o(i.HAL_UART_MspDeInit) refers to stm32f1xx_hal_gpio.o(i.HAL_GPIO_DeInit) for HAL_GPIO_DeInit
    usart.o(i.HAL_UART_MspDeInit) refers to stm32f1xx_hal_cortex.o(i.HAL_NVIC_DisableIRQ) for HAL_NVIC_DisableIRQ
    usart.o(i.HAL_UART_MspInit) refers (Special) to use_no_semi_2.o(.text) for __use_no_semihosting
    usart.o(i.HAL_UART_MspInit) refers to stm32f1xx_hal_gpio.o(i.HAL_GPIO_Init) for HAL_GPIO_Init
    usart.o(i.HAL_UART_MspInit) refers to stm32f1xx_hal_cortex.o(i.HAL_NVIC_SetPriority) for HAL_NVIC_SetPriority
    usart.o(i.HAL_UART_MspInit) refers to stm32f1xx_hal_cortex.o(i.HAL_NVIC_EnableIRQ) for HAL_NVIC_EnableIRQ
    usart.o(i.MX_USART1_UART_Init) refers (Special) to use_no_semi_2.o(.text) for __use_no_semihosting
    usart.o(i.MX_USART1_UART_Init) refers to stm32f1xx_hal_uart.o(i.HAL_UART_Init) for HAL_UART_Init
    usart.o(i.MX_USART1_UART_Init) refers to main.o(i.Error_Handler) for Error_Handler
    usart.o(i.MX_USART1_UART_Init) refers to usart.o(.bss) for huart1
    usart.o(i.MX_USART2_UART_Init) refers (Special) to use_no_semi_2.o(.text) for __use_no_semihosting
    usart.o(i.MX_USART2_UART_Init) refers to stm32f1xx_hal_uart.o(i.HAL_UART_Init) for HAL_UART_Init
    usart.o(i.MX_USART2_UART_Init) refers to main.o(i.Error_Handler) for Error_Handler
    usart.o(i.MX_USART2_UART_Init) refers to usart.o(.bss) for huart2
    usart.o(i.MX_USART3_UART_Init) refers (Special) to use_no_semi_2.o(.text) for __use_no_semihosting
    usart.o(i.MX_USART3_UART_Init) refers to stm32f1xx_hal_uart.o(i.HAL_UART_Init) for HAL_UART_Init
    usart.o(i.MX_USART3_UART_Init) refers to main.o(i.Error_Handler) for Error_Handler
    usart.o(i.MX_USART3_UART_Init) refers to usart.o(.bss) for huart3
    usart.o(i.SendChar) refers (Special) to use_no_semi_2.o(.text) for __use_no_semihosting
    usart.o(i._sys_command_string) refers (Special) to use_no_semi_2.o(.text) for __use_no_semihosting
    usart.o(i._sys_exit) refers (Special) to use_no_semi_2.o(.text) for __use_no_semihosting
    usart.o(i._ttywrch) refers (Special) to use_no_semi_2.o(.text) for __use_no_semihosting
    usart.o(i.fputc) refers (Special) to use_no_semi_2.o(.text) for __use_no_semihosting
    usart.o(i.usart1_sendData) refers (Special) to use_no_semi_2.o(.text) for __use_no_semihosting
[...]
    x$fpl$scalbn                             0x08006bd2   Section       92  scalbn.o(x$fpl$scalbn)
    x$fpl$scanf1                             0x08006c2e   Section        4  scanf1.o(x$fpl$scanf1)
    x$fpl$scanf2                             0x08006c32   Section        8  scanf2.o(x$fpl$scanf2)
    x$fpl$trapveneer                         0x08006c3a   Section       48  trapv.o(x$fpl$trapveneer)
    .constdata                               0x08006c6a   Section        5  main.o(.constdata)
    x$fpl$usenofp                            0x08006c6a   Section        0  usenofp.o(x$fpl$usenofp)
    __func__                                 0x08006c6a   Data           5  main.o(.constdata)
    .constdata                               0x08006c6f   Section       24  system_stm32f1xx.o(.constdata)
    .constdata                               0x08006c87   Section      173  app.o(.constdata)
    __func__                                 0x08006c87   Data           8  app.o(.constdata)
    __func__                                 0x08006c8f   Data          23  app.o(.constdata)
    __func__                                 0x08006ca6   Data          23  app.o(.constdata)
    __func__                                 0x08006cbd   Data          21  app.o(.constdata)
    __func__                                 0x08006cd2   Data          23  app.o(.constdata)
    __func__                                 0x08006ce9   Data          24  app.o(.constdata)
    __func__                                 0x08006d01   Data          23  app.o(.constdata)
    __func__                                 0x08006d18   Data          14  app.o(.constdata)
    __func__                                 0x08006d26   Data          14  app.o(.constdata)
    .constdata                               0x08006d34   Section      148  bigflt0.o(.constdata)
    tenpwrs_x                                0x08006d34   Data          60  bigflt0.o(.constdata)
    tenpwrs_i                                0x08006d70   Data          64  bigflt0.o(.constdata)
    .conststring                             0x08006dc8   Section      167  main.o(.conststring)
    c$$dinf                                  0x08006e90   Section        8  fpconst.o(c$$dinf)
    locale$$data                             0x08006e98   Section       28  lc_numeric_c.o(locale$$data)
    __lcnum_c_name                           0x08006e9c   Data           2  lc_numeric_c.o(locale$$data)
    __lcnum_c_start                          0x08006ea4   Data           0  lc_numeric_c.o(locale$$data)
    __lcnum_c_point                          0x08006eb0   Data           0  lc_numeric_c.o(locale$$data)
    __lcnum_c_thousands                      0x08006eb2   Data           0  lc_numeric_c.o(locale$$data)
    __lcnum_c_grouping                       0x08006eb3   Data           0  lc_numeric_c.o(locale$$data)
    locale$$data                             0x08006eb4   Section      272  lc_ctype_c.o(locale$$data)
    __lcnum_c_end                            0x08006eb4   Data           0  lc_numeric_c.o(locale$$data)
    __lcctype_c_name                         0x08006eb8   Data           2  lc_ctype_c.o(locale$$data)
    __lcctype_c_start                        0x08006ec0   Data           0  lc_ctype_c.o(locale$$data)
    __lcctype_c_end                          0x08006fc4   Data           0  lc_ctype_c.o(locale$$data)
    .data                                    0x20000000   Section        4  usart.o(.data)
    .data                                    0x20000004   Section        9  stm32f1xx_hal.o(.data)
    .data                                    0x20000010   Section        4  system_stm32f1xx.o(.data)
    .data                                    0x20000014   Section        2  ms1100.o(.data)
    data                                     0x20000014   Data           2  ms1100.o(.data)
    .data                                    0x20000018   Section       10  screen.o(.data)
    tailStateCustom                          0x20000018   Data           2  screen.o(.data)
    posCustom                                0x2000001a   Data           2  screen.o(.data)
    tailStateSystem                          0x2000001c   Data           4  screen.o(.data)
    posSystem                                0x20000020   Data           2  screen.o(.data)
    .data                                    0x20000024   Section       22  app.o(.data)
    molInputOkFlag                           0x2000002c   Data           1  app.o(.data)
    equationDataNum                          0x2000002d   Data           1  app.o(.data)
    equationUnitReReadFlag                   0x2000002e   Data           1  app.o(.data)
    equationSelRow                           0x2000002f   Data           1  app.o(.data)
    equationSelOk                            0x20000030   Data           1  app.o(.data)
    molDetectDataNum                         0x20000031   Data           1  app.o(.data)
    fluDataId                                0x20000038   Data           1  app.o(.data)
    fluDataId                                0x20000039   Data           1  app.o(.data)
    .data                                    0x2000003a   Section        3  detect.o(.data)
    fluDetectIndex                           0x2000003a   Data           1  detect.o(.data)
    equationtIndex                           0x2000003b   Data           1  detect.o(.data)
    .bss                                     0x20000040   Section      204  usart.o(.bss)
    .bss                                     0x2000010c   Section     1032  screen.o(.bss)
    queueCustom                              0x2000010c   Data         516  screen.o(.bss)
    queueSystem                              0x20000310   Data         516  screen.o(.bss)
    .bss                                     0x20000514   Section     3216  app.o(.bss)
    .bss                                     0x200011a4   Section      224  detect.o(.bss)
    .bss                                     0x20001284   Section      804  curvematch.o(.bss)
    .bss                                     0x200015a8   Section       96  libspace.o(.bss)
    HEAP                                     0x20001608   Section      512  startup_stm32f103xe.o(HEAP)
    Heap_Mem                                 0x20001608   Data         512  startup_stm32f103xe.o(HEAP)
    STACK                                    0x20001808   Section     1024  startup_stm32f103xe.o(STACK)
    Stack_Mem                                0x20001808   Data        1024  startup_stm32f103xe.o(STACK)
    __initial_sp                             0x20001c08   Data           0  startup_stm32f103xe.o(STACK)

    Global Symbols

    Symbol Name                              Value     Ov Type        Size  Object(Section)

    BuildAttributes$$THM_ISAv4$P$D$K$B$S$PE$A:L22UL41UL21$X:L11$S22US41US21$IEEE1$IW$USESV6$~STKCKD$USESV7$~SHL$OTIME$ROPI$IEEEX$EBA8$UX$STANDARDLIB$REQ8$PRES8$EABIv2 0x00000000   Number         0  anon$$obj.o ABSOLUTE
    __ARM_use_no_argv                        0x00000000   Number         0  main.o ABSOLUTE
    _printf_flags                            0x00000000   Number         0  printf_stubs.o ABSOLUTE
    _printf_return_value                     0x00000000   Number         0  printf_stubs.o ABSOLUTE
    _printf_sizespec                         0x00000000   Number         0  printf_stubs.o ABSOLUTE
    _printf_widthprec                        0x00000000   Number         0  printf_stubs.o ABSOLUTE
    __ARM_exceptions_init                     - Undefined Weak Reference
    __alloca_initialize                       - Undefined Weak Reference
    __arm_preinit_                            - Undefined Weak Reference
    __cpp_initialize__aeabi_                  - Undefined Weak Reference
    __cxa_finalize                            - Undefined Weak Reference
    __sigvec_lookup                           - Undefined Weak Reference
    __user_heap_extent                        - Undefined Weak Reference
    _atexit_init                              - Undefined Weak Reference
    _call_atexit_fns                          - Undefined Weak Reference
    _clock_init                               - Undefined Weak Reference
    _fp_trap_init                             - Undefined Weak Reference
    _fp_trap_shutdown                         - Undefined Weak Reference
    _get_lc_collate                           - Undefined Weak Reference
    _get_lc_monetary                          - Undefined Weak Reference
    _get_lc_time                              - Undefined Weak Reference
    _getenv_init                              - Undefined Weak Reference
    _handle_redirection                       - Undefined Weak Reference
    _initio                                   - Undefined Weak Reference
    _mutex_acquire                            - Undefined Weak Reference
    _mutex_free                               - Undefined Weak Reference
    _mutex_release                            - Undefined Weak Reference
    _printf_mbtowc                            - Undefined Weak Reference
    _printf_post_padding                      - Undefined Weak Reference
    _printf_pre_padding                       - Undefined Weak Reference
    _printf_truncate_signed                   - Undefined Weak Reference
    _printf_truncate_unsigned                 - Undefined Weak Reference
    _rand_init                                - Undefined Weak Reference
    _signal_finish                            - Undefined Weak Reference
    _signal_init                              - Undefined Weak Reference
    _terminateio                              - Undefined Weak Reference
    __Vectors_Size                           0x00000130   Number         0  startup_stm32f103xe.o ABSOLUTE
    __Vectors                                0x08000000   Data           4  startup_stm32f103xe.o(RESET)
    __Vectors_End                            0x08000130   Data           0  startup_stm32f103xe.o(RESET)
    __main                                   0x08000131   Thumb Code     8  __main.o(!!!main)
    __scatterload                            0x08000139   Thumb Code     0  __scatter.o(!!!scatter)
    __scatterload_rt2                        0x08000139   Thumb Code    44  __scatter.o(!!!scatter)
    __scatterload_rt2_thumb_only             0x08000139   Thumb Code     0  __scatter.o(!!!scatter)
    __scatterload_null                       0x08000147   Thumb Code     0  __scatter.o(!!!scatter)
    __scatterload_copy                       0x0800016d   Thumb Code    26  __scatter_copy.o(!!handler_copy)
    __scatterload_zeroinit                   0x08000189   Thumb Code    28  __scatter_zi.o(!!handler_zi)
    _printf_f                                0x080001a5   Thumb Code     0  _printf_f.o(.ARM.Collect$$_printf_percent$$00000003)
    _printf_percent                          0x080001a5   Thumb Code     0  _printf_percent.o(.ARM.Collect$$_printf_percent$$00000000)
    _printf_d                                0x080001ab   Thumb Code     0  _printf_d.o(.ARM.Collect$$_printf_percent$$00000009)
    _printf_u                                0x080001b1   Thumb Code     0  _printf_u.o(.ARM.Collect$$_printf_percent$$0000000A)
    _printf_c                                0x080001b7   Thumb Code     0  _printf_c.o(.ARM.Collect$$_printf_percent$$00000013)
    _printf_s                                0x080001bd   Thumb Code     0  _printf_s.o(.ARM.Collect$$_printf_percent$$00000014)
    _printf_percent_end                      0x080001c3   Thumb Code     0  _printf_percent_end.o(.ARM.Collect$$_printf_percent$$00000017)
    __rt_lib_init                            0x080001c7   Thumb Code     0  libinit.o(.ARM.Collect$$libinit$$00000000)
    __rt_lib_init_fp_1                       0x080001c9   Thumb Code     0  libinit2.o(.ARM.Collect$$libinit$$00000002)
    __rt_lib_init_heap_2                     0x080001c9   Thumb Code     0  libinit2.o(.ARM.Collect$$libinit$$00000005)
    __rt_lib_init_preinit_1                  0x080001c9   Thumb Code     0  libinit2.o(.ARM.Collect$$libinit$$00000004)
    __rt_lib_init_heap_1                     0x080001d1   Thumb Code     0  libinit2.o(.ARM.Collect$$libinit$$0000000A)
    __rt_lib_init_lc_common                  0x080001d1   Thumb Code     0  libinit2.o(.ARM.Collect$$libinit$$0000000F)
    __rt_lib_init_rand_1                     0x080001d1   Thumb Code     0  libinit2.o(.ARM.Collect$$libinit$$0000000E)
    __rt_lib_init_user_alloc_1               0x080001d1   Thumb Code     0  libinit2.o(.ARM.Collect$$libinit$$0000000C)
    __rt_lib_init_lc_collate_1               0x080001d7   Thumb Code     0  libinit2.o(.ARM.Collect$$libinit$$00000011)
    __rt_lib_init_lc_ctype_2                 0x080001d7   Thumb Code     0  libinit2.o(.ARM.Collect$$libinit$$00000012)
    __rt_lib_init_lc_ctype_1                 0x080001e3   Thumb Code     0  libinit2.o(.ARM.Collect$$libinit$$00000013)
    __rt_lib_init_lc_monetary_1              0x080001e3   Thumb Code     0  libinit2.o(.ARM.Collect$$libinit$$00000015)
    __rt_lib_init_lc_numeric_2               0x080001e3   Thumb Code     0  libinit2.o(.ARM.Collect$$libinit$$00000016)
    __rt_lib_init_alloca_1                   0x080001ed   Thumb Code     0  libinit2.o(.ARM.Collect$$libinit$$0000002E)
    __rt_lib_init_argv_1                     0x080001ed   Thumb Code     0  libinit2.o(.ARM.Collect$$libinit$$0000002C)
    __rt_lib_init_atexit_1                   0x080001ed   Thumb Code     0  libinit2.o(.ARM.Collect$$libinit$$0000001B)
    __rt_lib_init_clock_1                    0x080001ed   Thumb Code     0  libinit2.o(.ARM.Collect$$libinit$$00000021)
    __rt_lib_init_cpp_1                      0x080001ed   Thumb Code     0  libinit2.o(.ARM.Collect$$libinit$$00000032)
    __rt_lib_init_exceptions_1               0x080001ed   Thumb Code     0  libinit2.o(.ARM.Collect$$libinit$$00000030)
    __rt_lib_init_fp_trap_1                  0x080001ed   Thumb Code     0  libinit2.o(.ARM.Collect$$libinit$$0000001F)
    __rt_lib_init_getenv_1                   0x080001ed   Thumb Code     0  libinit2.o(.ARM.Collect$$libinit$$00000023)
    __rt_lib_init_lc_numeric_1               0x080001ed   Thumb Code     0  libinit2.o(.ARM.Collect$$libinit$$00000017)
    __rt_lib_init_lc_time_1                  0x080001ed   Thumb Code     0  libinit2.o(.ARM.Collect$$libinit$$00000019)
    __rt_lib_init_return                     0x080001ed   Thumb Code     0  libinit2.o(.ARM.Collect$$libinit$$00000033)
    __rt_lib_init_signal_1                   0x080001ed   Thumb Code     0  libinit2.o(.ARM.Collect$$libinit$$0000001D)
    __rt_lib_init_stdio_1                    0x080001ed   Thumb Code     0  libinit2.o(.ARM.Collect$$libinit$$00000025)
    __rt_lib_shutdown                        0x080001ef   Thumb Code     0  libshutdown.o(.ARM.Collect$$libshutdown$$00000000)
    __rt_lib_shutdown_cpp_1                  0x080001f1   Thumb Code     0  libshutdown2.o(.ARM.Collect$$libshutdown$$00000002)
    __rt_lib_shutdown_fp_trap_1              0x080001f1   Thumb Code     0  libshutdown2.o(.ARM.Collect$$libshutdown$$00000007)
    __rt_lib_shutdown_heap_1                 0x080001f1   Thumb Code     0  libshutdown2.o(.ARM.Collect$$libshutdown$$0000000F)
    __rt_lib_shutdown_return                 0x080001f1   Thumb Code     0  libshutdown2.o(.ARM.Collect$$libshutdown$$00000010)
    __rt_lib_shutdown_signal_1               0x080001f1   Thumb Code     0  libshutdown2.o(.ARM.Collect$$libshutdown$$0000000A)
    __rt_lib_shutdown_stdio_1                0x080001f1   Thumb Code     0  libshutdown2.o(.ARM.Collect$$libshutdown$$00000004)
    __rt_lib_shutdown_user_alloc_1           0x080001f1   Thumb Code     0  libshutdown2.o(.ARM.Collect$$libshutdown$$0000000C)
    __rt_entry                               0x080001f3   Thumb Code     0  __rtentry.o(.ARM.Collect$$rtentry$$00000000)
    __rt_entry_presh_1                       0x080001f3   Thumb Code     0  __rtentry2.o(.ARM.Collect$$rtentry$$00000002)
    __rt_entry_sh                            0x080001f3   Thumb Code     0  __rtentry4.o(.ARM.Collect$$rtentry$$00000004)
    __rt_entry_li                            0x080001f9   Thumb Code     0  __rtentry2.o(.ARM.Collect$$rtentry$$0000000A)
    __rt_entry_postsh_1                      0x080001f9   Thumb Code     0  __rtentry2.o(.ARM.Collect$$rtentry$$00000009)
    __rt_entry_main                          0x080001fd   Thumb Code     0  __rtentry2.o(.ARM.Collect$$rtentry$$0000000D)
    __rt_entry_postli_1                      0x080001fd   Thumb Code     0  __rtentry2.o(.ARM.Collect$$rtentry$$0000000C)
    __rt_exit                                0x08000205   Thumb Code     0  rtexit.o(.ARM.Collect$$rtexit$$00000000)
    __rt_exit_ls                             0x08000207   Thumb Code     0  rtexit2.o(.ARM.Collect$$rtexit$$00000003)
    __rt_exit_prels_1                        0x08000207   Thumb Code     0  rtexit2.o(.ARM.Collect$$rtexit$$00000002)
    __rt_exit_exit                           0x0800020b   Thumb Code     0  rtexit2.o(.ARM.Collect$$rtexit$$00000004)
    Reset_Handler                            0x08000211   Thumb Code     8  startup_stm32f103xe.o(.text)
    _maybe_terminate_alloc                   0x08000211   Thumb Code     0  maybetermalloc1.o(.emb_text)
    ADC1_2_IRQHandler                        0x0800022b   Thumb Code     0  startup_stm32f103xe.o(.text)
    ADC3_IRQHandler                          0x0800022b   Thumb Code     0  startup_stm32f103xe.o(.text)
    CAN1_RX1_IRQHandler                      0x0800022b   Thumb Code     0  startup_stm32f103xe.o(.text)
    CAN1_SCE_IRQHandler                      0x0800022b   Thumb Code     0  startup_stm32f103xe.o(.text)
    DMA1_Channel1_IRQHandler                 0x0800022b   Thumb Code     0  startup_stm32f103xe.o(.text)
    DMA1_Channel2_IRQHandler                 0x0800022b   Thumb Code     0  startup_stm32f103xe.o(.text)
    DMA1_Channel3_IRQHandler                 0x0800022b   Thumb Code     0  startup_stm32f103xe.o(.text)
    DMA1_Channel4_IRQHandler                 0x0800022b   Thumb Code     0  startup_stm32f103xe.o(.text)
    DMA1_Channel5_IRQHandler                 0x0800022b   Thumb Code     0  startup_stm32f103xe.o(.text)
    DMA1_Channel6_IRQHandler                 0x0800022b   Thumb Code     0  startup_stm32f103xe.o(.text)
    DMA1_Channel7_IRQHandler                 0x0800022b   Thumb Code     0  startup_stm32f103xe.o(.text)
    DMA2_Channel1_IRQHandler                 0x0800022b   Thumb Code     0  startup_stm32f103xe.o(.text)
    DMA2_Channel2_IRQHandler                 0x0800022b   Thumb Code     0  startup_stm32f103xe.o(.text)
    DMA2_Channel3_IRQHandler                 0x0800022b   Thumb Code     0  startup_stm32f103xe.o(.text)
    DMA2_Channel4_5_IRQHandler               0x0800022b   Thumb Code     0  startup_stm32f103xe.o(.text)
    EXTI0_IRQHandler                         0x0800022b   Thumb Code     0  startup_stm32f103xe.o(.text)
    EXTI15_10_IRQHandler                     0x0800022b   Thumb Code     0  startup_stm32f103xe.o(.text)
    EXTI1_IRQHandler                         0x0800022b   Thumb Code     0  startup_stm32f103xe.o(.text)
    EXTI2_IRQHandler                         0x0800022b   Thumb Code     0  startup_stm32f103xe.o(.text)
    EXTI3_IRQHandler                         0x0800022b   Thumb Code     0  startup_stm32f103xe.o(.text)
    EXTI4_IRQHandler                         0x0800022b   Thumb Code     0  startup_stm32f103xe.o(.text)
    EXTI9_5_IRQHandler                       0x0800022b   Thumb Code     0  startup_stm32f103xe.o(.text)
    FLASH_IRQHandler                         0x0800022b   Thumb Code     0  startup_stm32f103xe.o(.text)
    FSMC_IRQHandler                          0x0800022b   Thumb Code     0  startup_stm32f103xe.o(.text)
    I2C1_ER_IRQHandler                       0x0800022b   Thumb Code     0  startup_stm32f103xe.o(.text)
    I2C1_EV_IRQHandler                       0x0800022b   Thumb Code     0  startup_stm32f103xe.o(.text)
    I2C2_ER_IRQHandler                       0x0800022b   Thumb Code     0  startup_stm32f103xe.o(.text)
    I2C2_EV_IRQHandler                       0x0800022b   Thumb Code     0  startup_stm32f103xe.o(.text)
    PVD_IRQHandler                           0x0800022b   Thumb Code     0  startup_stm32f103xe.o(.text)
    RCC_IRQHandler                           0x0800022b   Thumb Code     0  startup_stm32f103xe.o(.text)
    RTC_Alarm_IRQHandler                     0x0800022b   Thumb Code     0  startup_stm32f103xe.o(.text)
    RTC_IRQHandler                           0x0800022b   Thumb Code     0  startup_stm32f103xe.o(.text)
    SDIO_IRQHandler                          0x0800022b   Thumb Code     0  startup_stm32f103xe.o(.text)
    SPI1_IRQHandler                          0x0800022b   Thumb Code     0  startup_stm32f103xe.o(.text)
    SPI2_IRQHandler                          0x0800022b   Thumb Code     0  startup_stm32f103xe.o(.text)
    SPI3_IRQHandler                          0x0800022b   Thumb Code     0  startup_stm32f103xe.o(.text)
    TAMPER_IRQHandler                        0x0800022b   Thumb Code     0  startup_stm32f103xe.o(.text)
    TIM1_BRK_IRQHandler                      0x0800022b   Thumb Code     0  startup_stm32f103xe.o(.text)
    TIM1_CC_IRQHandler                       0x0800022b   Thumb Code     0  startup_stm32f103xe.o(.text)
    TIM1_TRG_COM_IRQHandler                  0x0800022b   Thumb Code     0  startup_stm32f103xe.o(.text)
    TIM1_UP_IRQHandler                       0x0800022b   Thumb Code     0  startup_stm32f103xe.o(.text)
    TIM2_IRQHandler                          0x0800022b   Thumb Code     0  startup_stm32f103xe.o(.text)
    TIM3_IRQHandler                          0x0800022b   Thumb Code     0  startup_stm32f103xe.o(.text)
    TIM4_IRQHandler                          0x0800022b   Thumb Code     0  startup_stm32f103xe.o(.text)
    TIM5_IRQHandler                          0x0800022b   Thumb Code     0  startup_stm32f103xe.o(.text)
    TIM6_IRQHandler                          0x0800022b   Thumb Code     0  startup_stm32f103xe.o(.text)
    TIM7_IRQHandler                          0x0800022b   Thumb Code     0  startup_stm32f103xe.o(.text)
    TIM8_BRK_IRQHandler                      0x0800022b   Thumb Code     0  startup_stm32f103xe.o(.text)
    TIM8_CC_IRQHandler                       0x0800022b   Thumb Code     0  startup_stm32f103xe.o(.text)
    TIM8_TRG_COM_IRQHandler                  0x0800022b   Thumb Code     0  startup_stm32f103xe.o(.text)
    TIM8_UP_IRQHandler                       0x0800022b   Thumb Code     0  startup_stm32f103xe.o(.text)
    UART4_IRQHandler                         0x0800022b   Thumb Code     0  startup_stm32f103xe.o(.text)
    UART5_IRQHandler                         0x0800022b   Thumb Code     0  startup_stm32f103xe.o(.text)
    USART3_IRQHandler                        0x0800022b   Thumb Code     0  startup_stm32f103xe.o(.text)
    USBWakeUp_IRQHandler                     0x0800022b   Thumb Code     0  startup_stm32f103xe.o(.text)
    USB_HP_CAN1_TX_IRQHandler                0x0800022b   Thumb Code     0  startup_stm32f103xe.o(.text)
    USB_LP_CAN1_RX0_IRQHandler               0x0800022b   Thumb Code     0  startup_stm32f103xe.o(.text)
    WWDG_IRQHandler                          0x0800022b   Thumb Code     0  startup_stm32f103xe.o(.text)
    __user_initial_stackheap                 0x0800022d   Thumb Code     0  startup_stm32f103xe.o(.text)
    __use_no_semihosting                     0x08000251   Thumb Code     2  use_no_semi_2.o(.text)
    malloc                                   0x08000253   Thumb Code    94  h1_alloc.o(.text)
    __2printf                                0x080002b1   Thumb Code    20  noretval__2printf.o(.text)
    __2sprintf                               0x080002c9   Thumb Code    34  noretval__2sprintf.o(.text)
    _printf_str                              0x080002f1   Thumb Code    82  _printf_str.o(.text)
    _printf_int_dec                          0x08000345   Thumb Code   104  _printf_dec.o(.text)
    __printf                                 0x080003bd   Thumb Code   270  __printf_wp.o(.text)
    __aeabi_memclr                           0x080004cb   Thumb Code     0  rt_memclr.o(.text)
    __rt_memclr                              0x080004cb   Thumb Code    68  rt_memclr.o(.text)
    _memset                                  0x080004cf   Thumb Code     0  rt_memclr.o(.text)
    __aeabi_memclr4                          0x0800050f   Thumb Code     0  rt_memclr_w.o(.text)
    __aeabi_memclr8                          0x0800050f   Thumb Code     0  rt_memclr_w.o(.text)
    __rt_memclr_w                            0x0800050f   Thumb Code    78  rt_memclr_w.o(.text)
    _memset_w                                0x08000513   Thumb Code     0  rt_memclr_w.o(.text)
    strcmp                                   0x0800055d   Thumb Code   128  strcmpv7m.o(.text)
    __use_two_region_memory                  0x080005dd   Thumb Code     2  heapauxi.o(.text)
    __rt_heap_escrow                         0x080005df   Thumb Code     2  heapauxi.o(.text)
    __rt_heap_expand                         0x080005e1   Thumb Code     2  heapauxi.o(.text)
    __semihosting$guard                      0x080005e3   Thumb Code     0  use_no_semi.o(.text)
    __use_no_semihosting_swi                 0x080005e3   Thumb Code     2  use_no_semi.o(.text)
    __rt_heap_descriptor                     0x080005e5   Thumb Code     8  rt_heap_descriptor_intlibspace.o(.text)
    __use_no_heap                            0x080005ed   Thumb Code     2  hguard.o(.text)
    __heap$guard                             0x080005ef   Thumb Code     2  hguard.o(.text)
    _terminate_user_alloc                    0x080005f1   Thumb Code     2  init_alloc.o(.text)
    _init_user_alloc                         0x080005f3   Thumb Code     2  init_alloc.o(.text)
    __Heap_Full                              0x080005f5   Thumb Code    34  init_alloc.o(.text)
    __Heap_Broken                            0x08000617   Thumb Code     6  init_alloc.o(.text)
    _init_alloc                              0x0800061d   Thumb Code    94  init_alloc.o(.text)
    __Heap_Initialize                        0x0800067b   Thumb Code    10  h1_init.o(.text)
    __Heap_DescSize                          0x08000685   Thumb Code     4  h1_init.o(.text)
    free                                     0x08000689   Thumb Code    78  h1_free.o(.text)
    __read_errno                             0x080006d7   Thumb Code    10  _rserrno.o(.text)
    __set_errno                              0x080006e1   Thumb Code    12  _rserrno.o(.text)
    _printf_int_common                       0x080006ed   Thumb Code   178  _printf_intcommon.o(.text)
    __lib_sel_fp_printf                      0x0800079f   Thumb Code     2  _printf_fp_dec.o(.text)
    _printf_fp_dec_real                      0x0800094d   Thumb Code   620  _printf_fp_dec.o(.text)
    _printf_char_common                      0x08000bc3   Thumb Code    32  _printf_char_common.o(.text)
    _sputc                                   0x08000be9   Thumb Code    10  _sputc.o(.text)
    _printf_cs_common                        0x08000bf3   Thumb Code    20  _printf_char.o(.text)
    _printf_char                             0x08000c07   Thumb Code    16  _printf_char.o(.text)
    _printf_string                           0x08000c17   Thumb Code     8  _printf_char.o(.text)
    _printf_char_file                        0x08000c21   Thumb Code    32  _printf_char_file.o(.text)
    __strtod_int                             0x08000c81   Thumb Code    88  strtod.o(.text)
    __user_libspace                          0x08000ce5   Thumb Code     8  libspace.o(.text)
    __user_perproc_libspace                  0x08000ce5   Thumb Code     0  libspace.o(.text)
    __user_perthread_libspace                0x08000ce5   Thumb Code     0  libspace.o(.text)
    __rt_locale                              0x08000ced   Thumb Code     8  rt_locale_intlibspace.o(.text)
    __aeabi_errno_addr                       0x08000cf5   Thumb Code     8  rt_errno_addr_intlibspace.o(.text)
    __errno$intlibspace                      0x08000cf5   Thumb Code     0  rt_errno_addr_intlibspace.o(.text)
    __rt_errno_addr$intlibspace              0x08000cf5   Thumb Code     0  rt_errno_addr_intlibspace.o(.text)
    __Heap_ProvideMemory                     0x08000cfd   Thumb Code    52  h1_extend.o(.text)
    _ll_udiv10                               0x08000d31   Thumb Code   138  lludiv10.o(.text)
    isspace                                  0x08000dbb   Thumb Code    18  isspace.o(.text)
    _printf_fp_infnan                        0x08000dcd   Thumb Code   112  _printf_fp_infnan.o(.text)
    _sgetc                                   0x08000e4d   Thumb Code    30  _sgetc.o(.text)
    _sbackspace                              0x08000e6b   Thumb Code    34  _sgetc.o(.text)
    _btod_etento                             0x08000e8d   Thumb Code   216  bigflt0.o(.text)
    ferror                                   0x08000f69   Thumb Code     8  ferror.o(.text)
    __rt_SIGRTMEM                            0x08000f71   Thumb Code    14  defsig_rtmem_outer.o(.text)
    __user_setup_stackheap                   0x08000f7f   Thumb Code    74  sys_stackheap_outer.o(.text)
    __rt_ctype_table                         0x08000fc9   Thumb Code    16  rt_ctype_table.o(.text)
    _scanf_really_real                       0x080011d5   Thumb Code   668  scanf_fp.o(.text)
    exit                                     0x0800147d   Thumb Code    18  exit.o(.text)
    __sig_exit                               0x0800148f   Thumb Code    10  defsig_exit.o(.text)
    __rt_SIGRTMEM_inner                      0x08001499   Thumb Code    22  defsig_rtmem_inner.o(.text)
    __default_signal_display                 0x080014e9   Thumb Code    50  defsig_general.o(.text)
    _scanf_really_hex_real                   0x0800151d   Thumb Code   778  scanf_hexfp.o(.text)
    _scanf_really_infnan                     0x08001835   Thumb Code   292  scanf_infnan.o(.text)
    __aeabi_llsl                             0x08001969   Thumb Code     0  llshl.o(.text)
    _ll_shift_l                              0x08001969   Thumb Code    38  llshl.o(.text)
    _chval                                   0x0800198f   Thumb Code    28  _chval.o(.text)
    _btod_d2e                                0x080019ab   Thumb Code    62  btod.o(CL$$btod_d2e)
    _d2e_denorm_low                          0x080019e9   Thumb Code    70  btod.o(CL$$btod_d2e_denorm_low)
    _d2e_norm_op1                            0x08001a2f   Thumb Code    96  btod.o(CL$$btod_d2e_norm_op1)
    __btod_div_common                        0x08001a8f   Thumb Code   696  btod.o(CL$$btod_div_common)
    _e2d                                     0x08001dc9   Thumb Code    80  btod.o(CL$$btod_e2d)
    _e2e                                     0x08001e1d   Thumb Code   198  btod.o(CL$$btod_e2e)
    _btod_ediv                               0x08001ee3   Thumb Code    40  btod.o(CL$$btod_ediv)
    _btod_edivd                              0x08001f0b   Thumb Code    40  btod.o(CL$$btod_edivd)
    _btod_emul                               0x08001f33   Thumb Code    40  btod.o(CL$$btod_emul)
    _btod_emuld                              0x08001f5b   Thumb Code    40  btod.o(CL$$btod_emuld)
    __btod_mult_common                       0x08001f83   Thumb Code   580  btod.o(CL$$btod_mult_common)
    BusFault_Handler                         0x080021c7   Thumb Code     4  stm32f1xx_it.o(i.BusFault_Handler)
    DebugMon_Handler                         0x080021cb   Thumb Code     2  stm32f1xx_it.o(i.DebugMon_Handler)
    Error_Handler                            0x080021cd   Thumb Code     2  main.o(i.Error_Handler)
    GetControlValue                          0x080021cf   Thumb Code    74  hmi_driver.o(i.GetControlValue)
    GraphChannelDataAdd                      0x08002219   Thumb Code   110  hmi_driver.o(i.GraphChannelDataAdd)
    HAL_Delay                                0x08002289   Thumb Code    36  stm32f1xx_hal.o(i.HAL_Delay)
    HAL_GPIO_Init                            0x080022b1   Thumb Code   792  stm32f1xx_hal_gpio.o(i.HAL_GPIO_Init)
    HAL_GPIO_ReadPin                         0x080025f1   Thumb Code    16  stm32f1xx_hal_gpio.o(i.HAL_GPIO_ReadPin)
    HAL_GPIO_WritePin                        0x08002601   Thumb Code    12  stm32f1xx_hal_gpio.o(i.HAL_GPIO_WritePin)
    HAL_GetTick                              0x0800260d   Thumb Code     6  stm32f1xx_hal.o(i.HAL_GetTick)
    HAL_IncTick                              0x08002619   Thumb Code    16  stm32f1xx_hal.o(i.HAL_IncTick)
    HAL_Init                                 0x08002631   Thumb Code    34  stm32f1xx_hal.o(i.HAL_Init)
    HAL_InitTick                             0x08002659   Thumb Code    64  stm32f1xx_hal.o(i.HAL_InitTick)
    HAL_MspInit                              0x080026a5   Thumb Code    76  stm32f1xx_hal_msp.o(i.HAL_MspInit)
    HAL_NVIC_EnableIRQ                       0x080026f9   Thumb Code    32  stm32f1xx_hal_cortex.o(i.HAL_NVIC_EnableIRQ)
    HAL_NVIC_SetPriority                     0x08002719   Thumb Code   124  stm32f1xx_hal_cortex.o(i.HAL_NVIC_SetPriority)
    HAL_NVIC_SetPriorityGrouping             0x08002795   Thumb Code    32  stm32f1xx_hal_cortex.o(i.HAL_NVIC_SetPriorityGrouping)
    HAL_RCC_ClockConfig                      0x080027bd   Thumb Code   376  stm32f1xx_hal_rcc.o(i.HAL_RCC_ClockConfig)
    HAL_RCC_GetHCLKFreq                      0x08002949   Thumb Code     6  stm32f1xx_hal_rcc.o(i.HAL_RCC_GetHCLKFreq)
    HAL_RCC_GetPCLK1Freq                     0x08002955   Thumb Code    22  stm32f1xx_hal_rcc.o(i.HAL_RCC_GetPCLK1Freq)
    HAL_RCC_GetPCLK2Freq                     0x08002975   Thumb Code    22  stm32f1xx_hal_rcc.o(i.HAL_RCC_GetPCLK2Freq)
    HAL_RCC_GetSysClockFreq                  0x08002995   Thumb Code   116  stm32f1xx_hal_rcc.o(i.HAL_RCC_GetSysClockFreq)
    HAL_RCC_OscConfig                        0x08002a29   Thumb Code  1114  stm32f1xx_hal_rcc.o(i.HAL_RCC_OscConfig)
    HAL_SYSTICK_Config                       0x08002e8d   Thumb Code    52  stm32f1xx_hal_cortex.o(i.HAL_SYSTICK_Config)
    HAL_UART_Init                            0x08002ec1   Thumb Code   114  stm32f1xx_hal_uart.o(i.HAL_UART_Init)
    HAL_UART_MspInit                         0x08002f35   Thumb Code   378  usart.o(i.HAL_UART_MspInit)
    HardFault_Handler                        0x080030c9   Thumb Code     4  stm32f1xx_it.o(i.HardFault_Handler)
    MS1100Register                           0x080030cd   Thumb Code    28  ms1100.o(i.MS1100Register)
    MX_GPIO_Init                             0x08003169   Thumb Code   328  gpio.o(i.MX_GPIO_Init)
    MX_USART1_UART_Init                      0x080032c1   Thumb Code    46  usart.o(i.MX_USART1_UART_Init)
    MX_USART2_UART_Init                      0x080032f9   Thumb Code    46  usart.o(i.MX_USART2_UART_Init)
    MemManage_Handler                        0x08003331   Thumb Code     4  stm32f1xx_it.o(i.MemManage_Handler)
    NMI_Handler                              0x080035cd   Thumb Code     2  stm32f1xx_it.o(i.NMI_Handler)
    PendSV_Handler                           0x080035cf   Thumb Code     2  stm32f1xx_it.o(i.PendSV_Handler)
    Record_Add                               0x080035f9   Thumb Code    82  hmi_driver.o(i.Record_Add)
    Record_Clear                             0x0800364b   Thumb Code    74  hmi_driver.o(i.Record_Clear)
    Record_Get                               0x08003695   Thumb Code    88  hmi_driver.o(i.Record_Get)
    SVC_Handler                              0x080036ed   Thumb Code     2  stm32f1xx_it.o(i.SVC_Handler)
    SendChar                                 0x080036f1   Thumb Code    36  usart.o(i.SendChar)
    SendNU8                                  0x08003719   Thumb Code    26  hmi_driver.o(i.SendNU8)
    SendStrings                              0x08003733   Thumb Code    22  hmi_driver.o(i.SendStrings)
    SetScreen                                0x08003749   Thumb Code    60  hmi_driver.o(i.SetScreen)
    SetTextValue                             0x08003785   Thumb Code    82  hmi_driver.o(i.SetTextValue)
    SysTick_Handler                          0x080037d7   Thumb Code     8  stm32f1xx_it.o(i.SysTick_Handler)
    SystemClock_Config                       0x080037df   Thumb Code   102  main.o(i.SystemClock_Config)
    SystemInit                               0x08003845   Thumb Code     2  system_stm32f1xx.o(i.SystemInit)
    USART1_IRQHandler                        0x08003945   Thumb Code    32  app.o(i.USART1_IRQHandler)
    USART2_IRQHandler                        0x0800396d   Thumb Code     2  app.o(i.USART2_IRQHandler)
    UsageFault_Handler                       0x08003971   Thumb Code     4  stm32f1xx_it.o(i.UsageFault_Handler)
    __ARM_fpclassify                         0x08003975   Thumb Code    40  fpclassify.o(i.__ARM_fpclassify)
    __mathlib_dbl_overflow                   0x080039d5   Thumb Code    14  dunder.o(i.__mathlib_dbl_overflow)
    __mathlib_dbl_underflow                  0x080039e5   Thumb Code    10  dunder.o(i.__mathlib_dbl_underflow)
    __mathlib_narrow                         0x080039f5   Thumb Code    16  narrow.o(i.__mathlib_narrow)
    __mathlib_tofloat                        0x08003a05   Thumb Code   132  narrow.o(i.__mathlib_tofloat)
    __support_ldexp                          0x08003a8d   Thumb Code    22  ldexp.o(i.__support_ldexp)
    _is_digit                                0x08003aa3   Thumb Code    14  __printf_wp.o(i._is_digit)
    _sys_exit                                0x08003ab1   Thumb Code     4  usart.o(i._sys_exit)
    _ttywrch                                 0x08003ab5   Thumb Code     4  usart.o(i._ttywrch)
    allotEquationIndex                       0x08003de1   Thumb Code    26  detect.o(i.allotEquationIndex)
    allotFluDataIndex                        0x08003e01   Thumb Code    26  detect.o(i.allotFluDataIndex)
    appInit                                  0x08003e21   Thumb Code   166  app.o(i.appInit)
    appTask                                  0x0800407d   Thumb Code    98  app.o(i.appTask)
    at24cxx_check                            0x080040ed   Thumb Code    50  at24c256.o(i.at24cxx_check)
    at24cxx_init                             0x0800411f   Thumb Code     8  at24c256.o(i.at24cxx_init)
    at24cxx_read                             0x08004127   Thumb Code    36  at24c256.o(i.at24cxx_read)
    at24cxx_read_one_byte                    0x0800414b   Thumb Code    84  at24c256.o(i.at24cxx_read_one_byte)
    at24cxx_write                            0x0800419f   Thumb Code    36  at24c256.o(i.at24cxx_write)
    at24cxx_write_one_byte                   0x080041c3   Thumb Code    76  at24c256.o(i.at24cxx_write_one_byte)
    atof                                     0x0800420f   Thumb Code    42  atof.o(i.atof)
    curveMatching                            0x080049e1   Thumb Code   274  curvematch.o(i.curveMatching)
    delayMsSoftware                          0x08004cc9   Thumb Code    20  sys.o(i.delayMsSoftware)
    delayUsSoftware                          0x08004cdd   Thumb Code    18  sys.o(i.delayUsSoftware)
    detectObjRegister                        0x08004cf1   Thumb Code    16  detect.o(i.detectObjRegister)
    eepromRegister                           0x08004d05   Thumb Code    36  at24c256.o(i.eepromRegister)
    equationObjRegister                      0x08004d5d   Thumb Code    16  detect.o(i.equationObjRegister)
    fluLedCallbackRegister                   0x08004e49   Thumb Code    26  app.o(i.fluLedCallbackRegister)
    fluLedConrtolCallback                    0x08004e69   Thumb Code    32  main.o(i.fluLedConrtolCallback)
    fputc                                    0x08004ec5   Thumb Code    24  usart.o(i.fputc)
    frexp                                    0x08004ee1   Thumb Code    80  frexp.o(i.frexp)
    ldexp                                    0x08005801   Thumb Code   116  ldexp.o(i.ldexp)
    main                                     0x08005875   Thumb Code    70  main.o(i.main)
    push                                     0x080058cd   Thumb Code   114  curvematch.o(i.push)
    screenObjRegister                        0x08005ce5   Thumb Code   118  screen.o(i.screenObjRegister)
    usartRecvInterruptEnable                 0x08006271   Thumb Code   118  main.o(i.usartRecvInterruptEnable)
    _get_lc_numeric                          0x080062f5   Thumb Code    44  lc_numeric_c.o(locale$$code)
    _get_lc_ctype                            0x08006321   Thumb Code    44  lc_ctype_c.o(locale$$code)
    __aeabi_d2f                              0x0800634d   Thumb Code     0  d2f.o(x$fpl$d2f)
    _d2f                                     0x0800634d   Thumb Code    98  d2f.o(x$fpl$d2f)
    __fpl_dcheck_NaN1                        0x080063b1   Thumb Code    10  dcheck1.o(x$fpl$dcheck1)
    __fpl_dcmp_Inf                           0x080063c1   Thumb Code    24  dcmpi.o(x$fpl$dcmpinf)
    __aeabi_cdcmpeq                          0x080063d9   Thumb Code     0  deqf.o(x$fpl$deqf)
    _dcmpeq                                  0x080063d9   Thumb Code   120  deqf.o(x$fpl$deqf)
    __aeabi_cdcmple                          0x08006451   Thumb Code     0  dleqf.o(x$fpl$dleqf)
    _dcmple                                  0x08006451   Thumb Code   120  dleqf.o(x$fpl$dleqf)
    __fpl_dcmple_InfNaN                      0x080064b3   Thumb Code     0  dleqf.o(x$fpl$dleqf)
    __fpl_dnaninf                            0x080064c9   Thumb Code   156  dnaninf.o(x$fpl$dnaninf)
    __fpl_dretinf                            0x08006565   Thumb Code    12  dretinf.o(x$fpl$dretinf)
    __aeabi_cdrcmple                         0x08006571   Thumb Code     0  drleqf.o(x$fpl$drleqf)
    _drcmple                                 0x08006571   Thumb Code   108  drleqf.o(x$fpl$drleqf)
    __aeabi_f2d                              0x080065dd   Thumb Code     0  f2d.o(x$fpl$f2d)
    _f2d                                     0x080065dd   Thumb Code    86  f2d.o(x$fpl$f2d)
    __aeabi_fadd                             0x08006635   Thumb Code     0  faddsub_clz.o(x$fpl$fadd)
    _fadd                                    0x08006635   Thumb Code   196  faddsub_clz.o(x$fpl$fadd)
    __aeabi_fdiv                             0x080066f9   Thumb Code     0  fdiv.o(x$fpl$fdiv)
    _fdiv                                    0x080066f9   Thumb Code   384  fdiv.o(x$fpl$fdiv)
    __aeabi_i2f                              0x0800687d   Thumb Code     0  fflt_clz.o(x$fpl$fflt)
    _fflt                                    0x0800687d   Thumb Code    48  fflt_clz.o(x$fpl$fflt)
    __aeabi_ui2f                             0x080068ad   Thumb Code     0  fflt_clz.o(x$fpl$ffltu)
    _ffltu                                   0x080068ad   Thumb Code    38  fflt_clz.o(x$fpl$ffltu)
    __aeabi_fmul                             0x080068d5   Thumb Code     0  fmul.o(x$fpl$fmul)
    _fmul                                    0x080068d5   Thumb Code   258  fmul.o(x$fpl$fmul)
    __fpl_fnaninf                            0x080069d7   Thumb Code   140  fnaninf.o(x$fpl$fnaninf)
    __fpl_fretinf                            0x08006a63   Thumb Code    10  fretinf.o(x$fpl$fretinf)
    __aeabi_frsub                            0x08006a6d   Thumb Code     0  faddsub_clz.o(x$fpl$frsb)
    _frsb                                    0x08006a6d   Thumb Code    20  faddsub_clz.o(x$fpl$frsb)
    __aeabi_fsub                             0x08006a81   Thumb Code     0  faddsub_clz.o(x$fpl$fsub)
    _fsub                                    0x08006a81   Thumb Code   234  faddsub_clz.o(x$fpl$fsub)
    _printf_fp_dec                           0x08006b6b   Thumb Code     4  printf1.o(x$fpl$printf1)
    __fpl_return_NaN                         0x08006b6f   Thumb Code   100  retnan.o(x$fpl$retnan)
    __ARM_scalbn                             0x08006bd3   Thumb Code    92  scalbn.o(x$fpl$scalbn)
    _scanf_real                              0x08006c2f   Thumb Code     4  scanf1.o(x$fpl$scanf1)
    _scanf_hex_real                          0x08006c33   Thumb Code     4  scanf2.o(x$fpl$scanf2)
    _scanf_infnan                            0x08006c37   Thumb Code     4  scanf2.o(x$fpl$scanf2)
    __fpl_cmpreturn                          0x08006c3b   Thumb Code    48  trapv.o(x$fpl$trapveneer)
    __I$use$fp                               0x08006c6a   Number         0  usenofp.o(x$fpl$usenofp)
    AHBPrescTable                            0x08006c6f   Data          16  system_stm32f1xx.o(.constdata)
    APBPrescTable                            0x08006c7f   Data           8  system_stm32f1xx.o(.constdata)
    Region$$Table$$Base                      0x08006e70   Number         0  anon$$obj.o(Region$$Table)
    Region$$Table$$Limit                     0x08006e90   Number         0  anon$$obj.o(Region$$Table)
    __aeabi_HUGE_VAL                         0x08006e90   Data           0  fpconst.o(c$$dinf)
    __aeabi_HUGE_VALL                        0x08006e90   Data           0  fpconst.o(c$$dinf)
    __aeabi_INFINITY                         0x08006e90   Data           0  fpconst.o(c$$dinf)
    __dInf                                   0x08006e90   Data           0  fpconst.o(c$$dinf)
    __huge_val                               0x08006e90   Data           0  fpconst.o(c$$dinf)
    __ctype                                  0x08006ec1   Data           0  lc_ctype_c.o(locale$$data)
    __stdout                                 0x20000000   Data           4  usart.o(.data)
    uwTick                                   0x20000004   Data           4  stm32f1xx_hal.o(.data)
    uwTickPrio                               0x20000008   Data           4  stm32f1xx_hal.o(.data)
    uwTickFreq                               0x2000000c   Data           1  stm32f1xx_hal.o(.data)
    SystemCoreClock                          0x20000010   Data           4  system_stm32f1xx.o(.data)
    gp_Detect                                0x20000024   Data           4  app.o(.data)
    gp_Equation                              0x20000028   Data           4  app.o(.data)
    fluLedControl                            0x20000034   Data           4  app.o(.data)
    fluDataIndexNow                          0x2000003c   Data           1  detect.o(.data)
    huart1                                   0x20000040   Data          68  usart.o(.bss)
    huart2                                   0x20000084   Data          68  usart.o(.bss)
    huart3                                   0x200000c8   Data          68  usart.o(.bss)
    g_SAVE                                   0x20000514   Data          80  app.o(.bss)
    g_AT24C256                               0x20000564   Data          24  app.o(.bss)
    g_W25Q128                                0x2000057c   Data          36  app.o(.bss)
    g_SDCard                                 0x200005a0   Data          28  app.o(.bss)
    g_Screen                                 0x200005bc   Data         104  app.o(.bss)
    g_MS1100                                 0x20000624   Data          16  app.o(.bss)
    ScreenCmdCustomBuf                       0x20000634   Data          64  app.o(.bss)
    ScreenCmdSystemBuf                       0x20000674   Data          64  app.o(.bss)
    molBuf                                   0x200006b4   Data         200  app.o(.bss)
    fluBuf                                   0x2000077c   Data         200  app.o(.bss)
    erpHistoryStu                            0x20000844   Data        2080  app.o(.bss)
    erpEquationStu                           0x20001064   Data         320  app.o(.bss)
    currentFluDetectDataStu                  0x200011a4   Data         112  detect.o(.bss)
    currentEquationStu                       0x20001214   Data         112  detect.o(.bss)
    Data                                     0x20001284   Data         804  curvematch.o(.bss)
    __libspace_start                         0x200015a8   Data          96  libspace.o(.bss)
    __temporary_stack_top$libspace           0x20001608   Data           0  libspace.o(.bss)



==============================================================================

Memory Map of the image

  Image Entry point : 0x08000131

  Load Region LR_IROM1 (Base: 0x08000000, Size: 0x00007004, Max: 0x00040000, ABSOLUTE)

    Execution Region ER_IROM1 (Base: 0x08000000, Size: 0x00006fc4, Max: 0x00040000, ABSOLUTE)

    Base Addr    Size         Type   Attr      Idx    E Section Name        Object

    0x08000000   0x00000130   Data   RO          379    RESET               startup_stm32f103xe.o
    0x08000130   0x00000008   Code   RO         4324  * !!!main             c_w.l(__main.o)
    0x08000138   0x00000034   Code   RO         4727    !!!scatter          c_w.l(__scatter.o)
    0x0800016c   0x0000001a   Code   RO         4729    !!handler_copy      c_w.l(__scatter_copy.o)
    0x08000186   0x00000002   PAD
    0x08000188   0x0000001c   Code   RO         4731    !!handler_zi        c_w.l(__scatter_zi.o)
    0x080001a4   0x00000000   Code   RO         4315    .ARM.Collect$$_printf_percent$$00000000  c_w.l(_printf_percent.o)
    0x080001a4   0x00000006   Code   RO         4314    .ARM.Collect$$_printf_percent$$00000003  c_w.l(_printf_f.o)
    0x080001aa   0x00000006   Code   RO         4312    .ARM.Collect$$_printf_percent$$00000009  c_w.l(_printf_d.o)
    0x080001b0   0x00000006   Code   RO         4313    .ARM.Collect$$_printf_percent$$0000000A  c_w.l(_printf_u.o)
    0x080001b6   0x00000006   Code   RO         4310    .ARM.Collect$$_printf_percent$$00000013  c_w.l(_printf_c.o)
    0x080001bc   0x00000006   Code   RO         4311    .ARM.Collect$$_printf_percent$$00000014  c_w.l(_printf_s.o)
    0x080001c2   0x00000004   Code   RO         4404    .ARM.Collect$$_printf_percent$$00000017  c_w.l(_printf_percent_end.o)
    0x080001c6   0x00000002   Code   RO         4585    .ARM.Collect$$libinit$$00000000  c_w.l(libinit.o)
    0x080001c8   0x00000000   Code   RO         4412    .ARM.Collect$$libinit$$00000002  c_w.l(libinit2.o)
    0x080001c8   0x00000000   Code   RO         4414    .ARM.Collect$$libinit$$00000004  c_w.l(libinit2.o)
    0x080001c8   0x00000008   Code   RO         4415    .ARM.Collect$$libinit$$00000005  c_w.l(libinit2.o)
    0x080001d0   0x00000000   Code   RO         4417    .ARM.Collect$$libinit$$0000000A  c_w.l(libinit2.o)
    0x080001d0   0x00000000   Code   RO         4419    .ARM.Collect$$libinit$$0000000C  c_w.l(libinit2.o)
    0x080001d0   0x00000000   Code   RO         4421    .ARM.Collect$$libinit$$0000000E  c_w.l(libinit2.o)
    0x080001d0   0x00000006   Code   RO         4422    .ARM.Collect$$libinit$$0000000F  c_w.l(libinit2.o)
    0x080001d6   0x00000000   Code   RO         4424    .ARM.Collect$$libinit$$00000011  c_w.l(libinit2.o)
    0x080001d6   0x0000000c   Code   RO         4425    .ARM.Collect$$libinit$$00000012  c_w.l(libinit2.o)
    0x080001e2   0x00000000   Code   RO         4426    .ARM.Collect$$libinit$$00000013  c_w.l(libinit2.o)
    0x080001e2   0x00000000   Code   RO         4428    .ARM.Collect$$libinit$$00000015  c_w.l(libinit2.o)
    0x080001e2   0x0000000a   Code   RO         4429    .ARM.Collect$$libinit$$00000016  c_w.l(libinit2.o)
    0x080001ec   0x00000000   Code   RO         4430    .ARM.Collect$$libinit$$00000017  c_w.l(libinit2.o)
    0x080001ec   0x00000000   Code   RO         4432    .ARM.Collect$$libinit$$00000019  c_w.l(libinit2.o)
    0x080001ec   0x00000000   Code   RO         4434    .ARM.Collect$$libinit$$0000001B  c_w.l(libinit2.o)
    0x080001ec   0x00000000   Code   RO         4436    .ARM.Collect$$libinit$$0000001D  c_w.l(libinit2.o)
    0x080001ec   0x00000000   Code   RO         4438    .ARM.Collect$$libinit$$0000001F  c_w.l(libinit2.o)
    0x080001ec   0x00000000   Code   RO         4440    .ARM.Collect$$libinit$$00000021  c_w.l(libinit2.o)
    0x080001ec   0x00000000   Code   RO         4442    .ARM.Collect$$libinit$$00000023  c_w.l(libinit2.o)
    0x080001ec   0x00000000   Code   RO         4444    .ARM.Collect$$libinit$$00000025  c_w.l(libinit2.o)
    0x080001ec   0x00000000   Code   RO         4448    .ARM.Collect$$libinit$$0000002C  c_w.l(libinit2.o)
    0x080001ec   0x00000000   Code   RO         4450    .ARM.Collect$$libinit$$0000002E  c_w.l(libinit2.o)
    0x080001ec   0x00000000   Code   RO         4452    .ARM.Collect$$libinit$$00000030  c_w.l(libinit2.o)
    0x080001ec   0x00000000   Code   RO         4454    .ARM.Collect$$libinit$$00000032  c_w.l(libinit2.o)
    0x080001ec   0x00000002   Code   RO         4455    .ARM.Collect$$libinit$$00000033  c_w.l(libinit2.o)
    0x080001ee   0x00000002   Code   RO         4673    .ARM.Collect$$libshutdown$$00000000  c_w.l(libshutdown.o)
    0x080001f0   0x00000000   Code   RO         4600    .ARM.Collect$$libshutdown$$00000002  c_w.l(libshutdown2.o)
    0x080001f0   0x00000000   Code   RO         4602    .ARM.Collect$$libshutdown$$00000004  c_w.l(libshutdown2.o)
    0x080001f0   0x00000000   Code   RO         4605    .ARM.Collect$$libshutdown$$00000007  c_w.l(libshutdown2.o)
    0x080001f0   0x00000000   Code   RO         4608    .ARM.Collect$$libshutdown$$0000000A  c_w.l(libshutdown2.o)
    0x080001f0   0x00000000   Code   RO         4610    .ARM.Collect$$libshutdown$$0000000C  c_w.l(libshutdown2.o)
    0x080001f0   0x00000000   Code   RO         4613    .ARM.Collect$$libshutdown$$0000000F  c_w.l(libshutdown2.o)
    0x080001f0   0x00000002   Code   RO         4614    .ARM.Collect$$libshutdown$$00000010  c_w.l(libshutdown2.o)
    0x080001f2   0x00000000   Code   RO         4358    .ARM.Collect$$rtentry$$00000000  c_w.l(__rtentry.o)
    0x080001f2   0x00000000   Code   RO         4469    .ARM.Collect$$rtentry$$00000002  c_w.l(__rtentry2.o)
    0x080001f2   0x00000006   Code   RO         4481    .ARM.Collect$$rtentry$$00000004  c_w.l(__rtentry4.o)
    0x080001f8   0x00000000   Code   RO         4471    .ARM.Collect$$rtentry$$00000009  c_w.l(__rtentry2.o)
    0x080001f8   0x00000004   Code   RO         4472    .ARM.Collect$$rtentry$$0000000A  c_w.l(__rtentry2.o)
    0x080001fc   0x00000000   Code   RO         4474    .ARM.Collect$$rtentry$$0000000C  c_w.l(__rtentry2.o)
    0x080001fc   0x00000008   Code   RO         4475    .ARM.Collect$$rtentry$$0000000D  c_w.l(__rtentry2.o)
    0x08000204   0x00000002   Code   RO         4586    .ARM.Collect$$rtexit$$00000000  c_w.l(rtexit.o)
    0x08000206   0x00000000   Code   RO         4631    .ARM.Collect$$rtexit$$00000002  c_w.l(rtexit2.o)
    0x08000206   0x00000004   Code   RO         4632    .ARM.Collect$$rtexit$$00000003  c_w.l(rtexit2.o)
    0x0800020a   0x00000006   Code   RO         4633    .ARM.Collect$$rtexit$$00000004  c_w.l(rtexit2.o)
    0x08000210   0x00000000   Code   RO         4495    .emb_text           c_w.l(maybetermalloc1.o)
    0x08000210   0x00000040   Code   RO          380    .text               startup_stm32f103xe.o
    0x08000250   0x00000002   Code   RO         4216    .text               c_w.l(use_no_semi_2.o)
    0x08000252   0x0000005e   Code   RO         4220    .text               c_w.l(h1_alloc.o)
    0x080002b0   0x00000018   Code   RO         4280    .text               c_w.l(noretval__2printf.o)
    0x080002c8   0x00000028   Code   RO         4282    .text               c_w.l(noretval__2sprintf.o)
    0x080002f0   0x00000052   Code   RO         4286    .text               c_w.l(_printf_str.o)
    0x08000342   0x00000002   PAD
    0x08000344   0x00000078   Code   RO         4288    .text               c_w.l(_printf_dec.o)
    0x080003bc   0x0000010e   Code   RO         4298    .text               c_w.l(__printf_wp.o)
    0x080004ca   0x00000044   Code   RO         4316    .text               c_w.l(rt_memclr.o)
    0x0800050e   0x0000004e   Code   RO         4318    .text               c_w.l(rt_memclr_w.o)
    0x0800055c   0x00000080   Code   RO         4320    .text               c_w.l(strcmpv7m.o)
    0x080005dc   0x00000006   Code   RO         4322    .text               c_w.l(heapauxi.o)
    0x080005e2   0x00000002   Code   RO         4354    .text               c_w.l(use_no_semi.o)
    0x080005e4   0x00000008   Code   RO         4362    .text               c_w.l(rt_heap_descriptor_intlibspace.o)
    0x080005ec   0x00000004   Code   RO         4364    .text               c_w.l(hguard.o)
    0x080005f0   0x0000008a   Code   RO         4366    .text               c_w.l(init_alloc.o)
    0x0800067a   0x0000000e   Code   RO         4372    .text               c_w.l(h1_init.o)
    0x08000688   0x0000004e   Code   RO         4374    .text               c_w.l(h1_free.o)
    0x080006d6   0x00000016   Code   RO         4390    .text               c_w.l(_rserrno.o)
    0x080006ec   0x000000b2   Code   RO         4392    .text               c_w.l(_printf_intcommon.o)
    0x0800079e   0x0000041a   Code   RO         4394    .text               c_w.l(_printf_fp_dec.o)
    0x08000bb8   0x00000030   Code   RO         4396    .text               c_w.l(_printf_char_common.o)
    0x08000be8   0x0000000a   Code   RO         4398    .text               c_w.l(_sputc.o)
    0x08000bf2   0x0000002c   Code   RO         4400    .text               c_w.l(_printf_char.o)
    0x08000c1e   0x00000002   PAD
    0x08000c20   0x00000024   Code   RO         4402    .text               c_w.l(_printf_char_file.o)
    0x08000c44   0x000000a0   Code   RO         4405    .text               c_w.l(strtod.o)
    0x08000ce4   0x00000008   Code   RO         4465    .text               c_w.l(libspace.o)
    0x08000cec   0x00000008   Code   RO         4486    .text               c_w.l(rt_locale_intlibspace.o)
    0x08000cf4   0x00000008   Code   RO         4491    .text               c_w.l(rt_errno_addr_intlibspace.o)
    0x08000cfc   0x00000034   Code   RO         4497    .text               c_w.l(h1_extend.o)
    0x08000d30   0x0000008a   Code   RO         4501    .text               c_w.l(lludiv10.o)
    0x08000dba   0x00000012   Code   RO         4503    .text               c_w.l(isspace.o)
    0x08000dcc   0x00000080   Code   RO         4505    .text               c_w.l(_printf_fp_infnan.o)
    0x08000e4c   0x00000040   Code   RO         4509    .text               c_w.l(_sgetc.o)
    0x08000e8c   0x000000dc   Code   RO         4511    .text               c_w.l(bigflt0.o)
    0x08000f68   0x00000008   Code   RO         4536    .text               c_w.l(ferror.o)
    0x08000f70   0x0000000e   Code   RO         4543    .text               c_w.l(defsig_rtmem_outer.o)
    0x08000f7e   0x0000004a   Code   RO         4560    .text               c_w.l(sys_stackheap_outer.o)
    0x08000fc8   0x00000010   Code   RO         4562    .text               c_w.l(rt_ctype_table.o)
    0x08000fd8   0x000004a4   Code   RO         4568    .text               c_w.l(scanf_fp.o)
    0x0800147c   0x00000012   Code   RO         4570    .text               c_w.l(exit.o)
    0x0800148e   0x0000000a   Code   RO         4572    .text               c_w.l(defsig_exit.o)
    0x08001498   0x00000050   Code   RO         4574    .text               c_w.l(defsig_rtmem_inner.o)
    0x080014e8   0x00000032   Code   RO         4597    .text               c_w.l(defsig_general.o)
    0x0800151a   0x00000002   PAD
    0x0800151c   0x00000318   Code   RO         4637    .text               c_w.l(scanf_hexfp.o)
    0x08001834   0x00000134   Code   RO         4639    .text               c_w.l(scanf_infnan.o)
    0x08001968   0x00000026   Code   RO         4651    .text               c_w.l(llshl.o)
    0x0800198e   0x0000001c   Code   RO         4653    .text               c_w.l(_chval.o)
    0x080019aa   0x0000003e   Code   RO         4514    CL$$btod_d2e        c_w.l(btod.o)
    0x080019e8   0x00000046   Code   RO         4516    CL$$btod_d2e_denorm_low  c_w.l(btod.o)
    0x08001a2e   0x00000060   Code   RO         4515    CL$$btod_d2e_norm_op1  c_w.l(btod.o)
    0x08001a8e   0x00000338   Code   RO         4524    CL$$btod_div_common  c_w.l(btod.o)
    0x08001dc6   0x00000002   PAD
    0x08001dc8   0x00000054   Code   RO         4522    CL$$btod_e2d        c_w.l(btod.o)
    0x08001e1c   0x000000c6   Code   RO         4521    CL$$btod_e2e        c_w.l(btod.o)
    0x08001ee2   0x00000028   Code   RO         4518    CL$$btod_ediv       c_w.l(btod.o)
    0x08001f0a   0x00000028   Code   RO         4520    CL$$btod_edivd      c_w.l(btod.o)
    0x08001f32   0x00000028   Code   RO         4517    CL$$btod_emul       c_w.l(btod.o)
    0x08001f5a   0x00000028   Code   RO         4519    CL$$btod_emuld      c_w.l(btod.o)
    0x08001f82   0x00000244   Code   RO         4523    CL$$btod_mult_common  c_w.l(btod.o)
    0x080021c6   0x00000004   Code   RO          280    i.BusFault_Handler  stm32f1xx_it.o
    0x080021ca   0x00000002   Code   RO          281    i.DebugMon_Handler  stm32f1xx_it.o
    0x080021cc   0x00000002   Code   RO            4    i.Error_Handler     main.o
    0x080021ce   0x0000004a   Code   RO         2394    i.GetControlValue   hmi_driver.o
    0x08002218   0x0000006e   Code   RO         2398    i.GraphChannelDataAdd  hmi_driver.o
    0x08002286   0x00000002   PAD
    0x08002288   0x00000028   Code   RO          833    i.HAL_Delay         stm32f1xx_hal.o
    0x080022b0   0x00000340   Code   RO         1146    i.HAL_GPIO_Init     stm32f1xx_hal_gpio.o
    0x080025f0   0x00000010   Code   RO         1148    i.HAL_GPIO_ReadPin  stm32f1xx_hal_gpio.o
    0x08002600   0x0000000c   Code   RO         1150    i.HAL_GPIO_WritePin  stm32f1xx_hal_gpio.o
    0x0800260c   0x0000000c   Code   RO          837    i.HAL_GetTick       stm32f1xx_hal.o
    0x08002618   0x00000018   Code   RO          843    i.HAL_IncTick       stm32f1xx_hal.o
    0x08002630   0x00000028   Code   RO          844    i.HAL_Init          stm32f1xx_hal.o
    0x08002658   0x0000004c   Code   RO          845    i.HAL_InitTick      stm32f1xx_hal.o
    0x080026a4   0x00000054   Code   RO          356    i.HAL_MspInit       stm32f1xx_hal_msp.o
    0x080026f8   0x00000020   Code   RO         1306    i.HAL_NVIC_EnableIRQ  stm32f1xx_hal_cortex.o
    0x08002718   0x0000007c   Code   RO         1312    i.HAL_NVIC_SetPriority  stm32f1xx_hal_cortex.o
    0x08002794   0x00000028   Code   RO         1313    i.HAL_NVIC_SetPriorityGrouping  stm32f1xx_hal_cortex.o
    0x080027bc   0x0000018c   Code   RO         1001    i.HAL_RCC_ClockConfig  stm32f1xx_hal_rcc.o
    0x08002948   0x0000000c   Code   RO         1006    i.HAL_RCC_GetHCLKFreq  stm32f1xx_hal_rcc.o
    0x08002954   0x00000020   Code   RO         1008    i.HAL_RCC_GetPCLK1Freq  stm32f1xx_hal_rcc.o
    0x08002974   0x00000020   Code   RO         1009    i.HAL_RCC_GetPCLK2Freq  stm32f1xx_hal_rcc.o
    0x08002994   0x00000094   Code   RO         1010    i.HAL_RCC_GetSysClockFreq  stm32f1xx_hal_rcc.o
    0x08002a28   0x00000464   Code   RO         1013    i.HAL_RCC_OscConfig  stm32f1xx_hal_rcc.o
    0x08002e8c   0x00000034   Code   RO         1317    i.HAL_SYSTICK_Config  stm32f1xx_hal_cortex.o
    0x08002ec0   0x00000072   Code   RO          488    i.HAL_UART_Init     stm32f1xx_hal_uart.o
    0x08002f32   0x00000002   PAD
    0x08002f34   0x00000194   Code   RO          186    i.HAL_UART_MspInit  usart.o
    0x080030c8   0x00000004   Code   RO          282    i.HardFault_Handler  stm32f1xx_it.o
    0x080030cc   0x0000002c   Code   RO         2191    i.MS1100Register    ms1100.o
    0x080030f8   0x00000008   Code   RO         2192    i.MS1100_Init       ms1100.o
    0x08003100   0x0000002e   Code   RO         2193    i.MS1100_ReadOneByte  ms1100.o
    0x0800312e   0x00000002   PAD
    0x08003130   0x00000014   Code   RO         2194    i.MS1100_ReadTest   ms1100.o
    0x08003144   0x00000022   Code   RO         2195    i.MS1100_WriteOneByte  ms1100.o
    0x08003166   0x00000002   PAD
    0x08003168   0x00000158   Code   RO          161    i.MX_GPIO_Init      gpio.o
    0x080032c0   0x00000038   Code   RO          187    i.MX_USART1_UART_Init  usart.o
    0x080032f8   0x00000038   Code   RO          188    i.MX_USART2_UART_Init  usart.o
    0x08003330   0x00000004   Code   RO          283    i.MemManage_Handler  stm32f1xx_it.o
    0x08003334   0x0000011c   Code   RO         3076    i.MolAndFluValue2StrWithUnit  screen.o
    0x08003450   0x0000017c   Code   RO         3077    i.MolDetectMol2StrWithUnit  screen.o
    0x080035cc   0x00000002   Code   RO          284    i.NMI_Handler       stm32f1xx_it.o
    0x080035ce   0x00000002   Code   RO          285    i.PendSV_Handler    stm32f1xx_it.o
    0x080035d0   0x00000028   Code   RO         1014    i.RCC_Delay         stm32f1xx_hal_rcc.o
    0x080035f8   0x00000052   Code   RO         2416    i.Record_Add        hmi_driver.o
    0x0800364a   0x0000004a   Code   RO         2417    i.Record_Clear      hmi_driver.o
    0x08003694   0x00000058   Code   RO         2418    i.Record_Get        hmi_driver.o
    0x080036ec   0x00000002   Code   RO          286    i.SVC_Handler       stm32f1xx_it.o
    0x080036ee   0x00000002   PAD
    0x080036f0   0x00000028   Code   RO          190    i.SendChar          usart.o
    0x08003718   0x0000001a   Code   RO         2425    i.SendNU8           hmi_driver.o
    0x08003732   0x00000016   Code   RO         2426    i.SendStrings       hmi_driver.o
    0x08003748   0x0000003c   Code   RO         2445    i.SetScreen         hmi_driver.o
    0x08003784   0x00000052   Code   RO         2452    i.SetTextValue      hmi_driver.o
    0x080037d6   0x00000008   Code   RO          287    i.SysTick_Handler   stm32f1xx_it.o
    0x080037de   0x00000066   Code   RO            5    i.SystemClock_Config  main.o
    0x08003844   0x00000002   Code   RO         2155    i.SystemInit        system_stm32f1xx.o
    0x08003846   0x00000002   PAD
    0x08003848   0x000000fc   Code   RO          515    i.UART_SetConfig    stm32f1xx_hal_uart.o
    0x08003944   0x00000028   Code   RO         3647    i.USART1_IRQHandler  app.o
    0x0800396c   0x00000002   Code   RO         3648    i.USART2_IRQHandler  app.o
    0x0800396e   0x00000002   Code   RO         3649    i.UpdateUI          app.o
    0x08003970   0x00000004   Code   RO          288    i.UsageFault_Handler  stm32f1xx_it.o
    0x08003974   0x00000028   Code   RO         4558    i.__ARM_fpclassify  m_ws.l(fpclassify.o)
    0x0800399c   0x00000010   Code   RO         1319    i.__NVIC_GetPriorityGrouping  stm32f1xx_hal_cortex.o
    0x080039ac   0x00000028   Code   RO         1320    i.__NVIC_SetPriority  stm32f1xx_hal_cortex.o
    0x080039d4   0x0000000e   Code   RO         4698    i.__mathlib_dbl_overflow  m_ws.l(dunder.o)
    0x080039e2   0x00000002   PAD
    0x080039e4   0x00000010   Code   RO         4700    i.__mathlib_dbl_underflow  m_ws.l(dunder.o)
    0x080039f4   0x00000010   Code   RO         4624    i.__mathlib_narrow  m_ws.l(narrow.o)
    0x08003a04   0x00000088   Code   RO         4625    i.__mathlib_tofloat  m_ws.l(narrow.o)
    0x08003a8c   0x00000016   Code   RO         4681    i.__support_ldexp   m_ws.l(ldexp.o)
    0x08003aa2   0x0000000e   Code   RO         4300    i._is_digit         c_w.l(__printf_wp.o)
    0x08003ab0   0x00000004   Code   RO          192    i._sys_exit         usart.o
    0x08003ab4   0x00000004   Code   RO          193    i._ttywrch          usart.o
    0x08003ab8   0x00000058   Code   RO         3078    i.addEquationData2Table  screen.o
    0x08003b10   0x0000007c   Code   RO         3650    i.addEquationStu    app.o
    0x08003b8c   0x00000050   Code   RO         3079    i.addFluData2Table  screen.o
    0x08003bdc   0x00000050   Code   RO         3080    i.addHistoryFluData2Table  screen.o
    0x08003c2c   0x00000038   Code   RO         3081    i.addHistoryIndex2Table  screen.o
    0x08003c64   0x000000a8   Code   RO         3651    i.addHistoryStu     app.o
    0x08003d0c   0x0000002c   Code   RO         3082    i.addMolData2Table  screen.o
    0x08003d38   0x00000038   Code   RO         3083    i.addMolEquationIndex2Table  screen.o
    0x08003d70   0x00000022   Code   RO         3084    i.addMolEquationOnePoint2Graph  screen.o
    0x08003d92   0x0000004c   Code   RO         3085    i.addMolEquationPoints2Graph  screen.o
    0x08003dde   0x00000002   PAD
    0x08003de0   0x00000020   Code   RO         4046    i.allotEquationIndex  detect.o
    0x08003e00   0x00000020   Code   RO         4047    i.allotFluDataIndex  detect.o
    0x08003e20   0x0000025c   Code   RO         3652    i.appInit           app.o
    0x0800407c   0x00000070   Code   RO         3653    i.appTask           app.o
    0x080040ec   0x00000032   Code   RO         3294    i.at24cxx_check     at24c256.o
    0x0800411e   0x00000008   Code   RO         3295    i.at24cxx_init      at24c256.o
    0x08004126   0x00000024   Code   RO         3296    i.at24cxx_read      at24c256.o
    0x0800414a   0x00000054   Code   RO         3297    i.at24cxx_read_one_byte  at24c256.o
    0x0800419e   0x00000024   Code   RO         3298    i.at24cxx_write     at24c256.o
    0x080041c2   0x0000004c   Code   RO         3299    i.at24cxx_write_one_byte  at24c256.o
    0x0800420e   0x0000002a   Code   RO         4351    i.atof              m_ws.l(atof.o)
    0x08004238   0x00000068   Code   RO         3654    i.btnCallback_1_5   app.o
    0x080042a0   0x0000006c   Code   RO         3655    i.btnExeInPage1     app.o
    0x0800430c   0x0000003c   Code   RO         3656    i.btnExeInPage10    app.o
    0x08004348   0x000001c8   Code   RO         3657    i.btnExeInPage2     app.o
    0x08004510   0x00000002   Code   RO         3658    i.btnExeInPage3     app.o
    0x08004512   0x00000002   Code   RO         3659    i.btnExeInPage4     app.o
    0x08004514   0x000000a0   Code   RO         3660    i.btnExeInPage5     app.o
    0x080045b4   0x000000b8   Code   RO         3661    i.btnExeInPage6     app.o
    0x0800466c   0x00000002   Code   RO         3662    i.btnExeInPage7     app.o
    0x0800466e   0x00000002   Code   RO         3663    i.btnExeInPage8     app.o
    0x08004670   0x00000040   Code   RO         3664    i.btnExeInPage9     app.o
    0x080046b0   0x00000020   Code   RO         3665    i.checkHistoryPresenceofDtc  app.o
    0x080046d0   0x0000000c   Code   RO         3086    i.clearDluDataTable  screen.o
    0x080046dc   0x000000cc   Code   RO         3666    i.cmdCallbackCustomBtn  app.o
    0x080047a8   0x00000048   Code   RO         3667    i.cmdCallbackCustomGraph  app.o
    0x080047f0   0x00000048   Code   RO         3668    i.cmdCallbackCustomSlider  app.o
    0x08004838   0x00000048   Code   RO         3669    i.cmdCallbackCustomTable  app.o
    0x08004880   0x00000002   Code   RO         3670    i.cmdCallbackCustomText  app.o
    0x08004882   0x00000002   Code   RO         3671    i.cmdCallbackSystemBtn  app.o
    0x08004884   0x00000002   Code   RO         3672    i.cmdCallbackSystemGraph  app.o
    0x08004886   0x00000002   Code   RO         3673    i.cmdCallbackSystemSlider  app.o
    0x08004888   0x000000d4   Code   RO         3674    i.cmdCallbackSystemTable  app.o
    0x0800495c   0x00000084   Code   RO         3675    i.cmdCallbackSystemText  app.o
    0x080049e0   0x00000118   Code   RO         4193    i.curveMatching     curvematch.o
    0x08004af8   0x000000bc   Code   RO         3676    i.customScreenMesProcess  app.o
    0x08004bb4   0x00000078   Code   RO         3677    i.delEquationData   app.o
    0x08004c2c   0x0000009c   Code   RO         3678    i.delHistoryData    app.o
    0x08004cc8   0x00000014   Code   RO         3270    i.delayMsSoftware   sys.o
    0x08004cdc   0x00000012   Code   RO         3271    i.delayUsSoftware   sys.o
    0x08004cee   0x00000002   PAD
    0x08004cf0   0x00000014   Code   RO         4050    i.detectObjRegister  detect.o
    0x08004d04   0x0000003c   Code   RO         3300    i.eepromRegister    at24c256.o
    0x08004d40   0x0000001c   Code   RO         3679    i.equationCheckExist  app.o
    0x08004d5c   0x00000014   Code   RO         4051    i.equationObjRegister  detect.o
    0x08004d70   0x00000048   Code   RO         3680    i.equationParaCheck  app.o
    0x08004db8   0x00000044   Code   RO         3681    i.equationStuReset  app.o
    0x08004dfc   0x00000024   Code   RO         3682    i.erpEquationInit   app.o
    0x08004e20   0x00000028   Code   RO         3683    i.erpHistoryInit    app.o
    0x08004e48   0x00000020   Code   RO         3684    i.fluLedCallbackRegister  app.o
    0x08004e68   0x00000024   Code   RO            6    i.fluLedConrtolCallback  main.o
    0x08004e8c   0x00000020   Code   RO         3685    i.fluLedSetState    app.o
    0x08004eac   0x00000016   Code   RO         2196    i.for_delay_us      ms1100.o
    0x08004ec2   0x00000002   PAD
    0x08004ec4   0x0000001c   Code   RO          194    i.fputc             usart.o
    0x08004ee0   0x00000058   Code   RO         4648    i.frexp             m_ws.l(frexp.o)
    0x08004f38   0x00000024   Code   RO         3686    i.getEquationNum    app.o
    0x08004f5c   0x00000054   Code   RO         3687    i.getEquationStuData  app.o
    0x08004fb0   0x00000018   Code   RO         3688    i.getEquationStuId  app.o
    0x08004fc8   0x00000028   Code   RO         3689    i.getHistoryNum     app.o
    0x08004ff0   0x00000078   Code   RO         3690    i.getHistoryStuData  app.o
    0x08005068   0x00000020   Code   RO         3691    i.getHistoryStuId   app.o
    0x08005088   0x00000054   Code   RO         3087    i.getMolInputAndUnitFromText  screen.o
    0x080050dc   0x00000060   Code   RO         3692    i.historyStuParaCheck  app.o
    0x0800513c   0x0000004c   Code   RO         3693    i.historyStuReset   app.o
    0x08005188   0x0000003a   Code   RO         3088    i.idU82C            screen.o
    0x080051c2   0x00000002   PAD
    0x080051c4   0x00000050   Code   RO         2197    i.iic_ack           ms1100.o
    0x08005214   0x00000054   Code   RO         3301    i.iic_ack           at24c256.o
    0x08005268   0x0000000a   Code   RO         2198    i.iic_delay         ms1100.o
    0x08005272   0x0000000a   Code   RO         3302    i.iic_delay         at24c256.o
    0x0800527c   0x00000078   Code   RO         2199    i.iic_init          ms1100.o
    0x080052f4   0x00000008   Code   RO         3303    i.iic_init          at24c256.o
    0x080052fc   0x00000040   Code   RO         2200    i.iic_nack          ms1100.o
    0x0800533c   0x00000040   Code   RO         3304    i.iic_nack          at24c256.o
    0x0800537c   0x0000005c   Code   RO         2201    i.iic_read_byte     ms1100.o
    0x080053d8   0x00000060   Code   RO         3305    i.iic_read_byte     at24c256.o
    0x08005438   0x0000006c   Code   RO         2202    i.iic_send_byte     ms1100.o
    0x080054a4   0x00000070   Code   RO         3306    i.iic_send_byte     at24c256.o
    0x08005514   0x0000004c   Code   RO         2203    i.iic_start         ms1100.o
    0x08005560   0x00000050   Code   RO         3307    i.iic_start         at24c256.o
    0x080055b0   0x00000040   Code   RO         2204    i.iic_stop          ms1100.o
    0x080055f0   0x00000040   Code   RO         3308    i.iic_stop          at24c256.o
    0x08005630   0x00000064   Code   RO         2205    i.iic_wait_ack      ms1100.o
    0x08005694   0x00000068   Code   RO         3309    i.iic_wait_ack      at24c256.o
    0x080056fc   0x00000104   Code   RO         3089    i.inputMol2StrWithUnit  screen.o
    0x08005800   0x00000074   Code   RO         4682    i.ldexp             m_ws.l(ldexp.o)
    0x08005874   0x00000058   Code   RO            7    i.main              main.o
    0x080058cc   0x00000078   Code   RO         4194    i.push              curvematch.o
    0x08005944   0x00000040   Code   RO         3090    i.queueClear        screen.o
    0x08005984   0x0000004c   Code   RO         3091    i.queueGetSize      screen.o
    0x080059d0   0x0000006c   Code   RO         3092    i.queuePop          screen.o
    0x08005a3c   0x00000064   Code   RO         3093    i.queuePush         screen.o
    0x08005aa0   0x00000108   Code   RO         3094    i.queueTakeCmd      screen.o
    0x08005ba8   0x00000088   Code   RO         3694    i.retMolUnit2Int    app.o
    0x08005c30   0x000000b0   Code   RO         3695    i.saveObjInit       app.o
    0x08005ce0   0x00000002   Code   RO         3095    i.screenInit        screen.o
    0x08005ce2   0x00000002   PAD
    0x08005ce4   0x000000dc   Code   RO         3096    i.screenObjRegister  screen.o
    0x08005dc0   0x0000000c   Code   RO         3097    i.screenSwitchPage  screen.o
    0x08005dcc   0x00000014   Code   RO         3098    i.sendGetTableStrtCmd  screen.o
    0x08005de0   0x00000054   Code   RO         3099    i.setEquationFunc2Text  screen.o
    0x08005e34   0x00000034   Code   RO         3100    i.setEquationIndex2Text  screen.o
    0x08005e68   0x00000088   Code   RO         3696    i.setEquationStuData  app.o
    0x08005ef0   0x00000030   Code   RO         3101    i.setFluDataIndex2Text  screen.o
    0x08005f20   0x000000c4   Code   RO         3697    i.setHistoryStuData  app.o
    0x08005fe4   0x00000028   Code   RO         3102    i.setInputMol2Text  screen.o
    0x0800600c   0x00000034   Code   RO         3103    i.setMolDetectIndex2Text  screen.o
    0x08006040   0x00000054   Code   RO         3104    i.setMolEquation2Text  screen.o
    0x08006094   0x00000054   Code   RO         3105    i.showMolEquation2Text  screen.o
    0x080060e8   0x00000038   Code   RO         3698    i.stuEquationMatching  app.o
    0x08006120   0x0000004c   Code   RO         3699    i.stuHistoryMatching  app.o
    0x0800616c   0x00000104   Code   RO         3700    i.systemScreenMesProcess  app.o
    0x08006270   0x00000084   Code   RO            8    i.usartRecvInterruptEnable  main.o
    0x080062f4   0x0000002c   Code   RO         4541    locale$$code        c_w.l(lc_numeric_c.o)
    0x08006320   0x0000002c   Code   RO         4593    locale$$code        c_w.l(lc_ctype_c.o)
    0x0800634c   0x00000062   Code   RO         4326    x$fpl$d2f           fz_ws.l(d2f.o)
    0x080063ae   0x00000002   PAD
    0x080063b0   0x00000010   Code   RO         4692    x$fpl$dcheck1       fz_ws.l(dcheck1.o)
    0x080063c0   0x00000018   Code   RO         4674    x$fpl$dcmpinf       fz_ws.l(dcmpi.o)
    0x080063d8   0x00000078   Code   RO         4643    x$fpl$deqf          fz_ws.l(deqf.o)
    0x08006450   0x00000078   Code   RO         4676    x$fpl$dleqf         fz_ws.l(dleqf.o)
    0x080064c8   0x0000009c   Code   RO         4456    x$fpl$dnaninf       fz_ws.l(dnaninf.o)
    0x08006564   0x0000000c   Code   RO         4458    x$fpl$dretinf       fz_ws.l(dretinf.o)
    0x08006570   0x0000006c   Code   RO         4645    x$fpl$drleqf        fz_ws.l(drleqf.o)
    0x080065dc   0x00000056   Code   RO         4328    x$fpl$f2d           fz_ws.l(f2d.o)
    0x08006632   0x00000002   PAD
    0x08006634   0x000000c4   Code   RO         4330    x$fpl$fadd          fz_ws.l(faddsub_clz.o)
    0x080066f8   0x00000184   Code   RO         4337    x$fpl$fdiv          fz_ws.l(fdiv.o)
    0x0800687c   0x00000030   Code   RO         4341    x$fpl$fflt          fz_ws.l(fflt_clz.o)
    0x080068ac   0x00000026   Code   RO         4340    x$fpl$ffltu         fz_ws.l(fflt_clz.o)
    0x080068d2   0x00000002   PAD
    0x080068d4   0x00000102   Code   RO         4346    x$fpl$fmul          fz_ws.l(fmul.o)
    0x080069d6   0x0000008c   Code   RO         4460    x$fpl$fnaninf       fz_ws.l(fnaninf.o)
    0x08006a62   0x0000000a   Code   RO         4462    x$fpl$fretinf       fz_ws.l(fretinf.o)
    0x08006a6c   0x00000014   Code   RO         4331    x$fpl$frsb          fz_ws.l(faddsub_clz.o)
    0x08006a80   0x000000ea   Code   RO         4332    x$fpl$fsub          fz_ws.l(faddsub_clz.o)
    0x08006b6a   0x00000004   Code   RO         4348    x$fpl$printf1       fz_ws.l(printf1.o)
    0x08006b6e   0x00000064   Code   RO         4721    x$fpl$retnan        fz_ws.l(retnan.o)
    0x08006bd2   0x0000005c   Code   RO         4678    x$fpl$scalbn        fz_ws.l(scalbn.o)
    0x08006c2e   0x00000004   Code   RO         4556    x$fpl$scanf1        fz_ws.l(scanf1.o)
    0x08006c32   0x00000008   Code   RO         4618    x$fpl$scanf2        fz_ws.l(scanf2.o)
    0x08006c3a   0x00000030   Code   RO         4723    x$fpl$trapveneer    fz_ws.l(trapv.o)
    0x08006c6a   0x00000000   Code   RO         4464    x$fpl$usenofp       fz_ws.l(usenofp.o)
    0x08006c6a   0x00000005   Data   RO            9    .constdata          main.o
    0x08006c6f   0x00000018   Data   RO         2156    .constdata          system_stm32f1xx.o
    0x08006c87   0x000000ad   Data   RO         3702    .constdata          app.o
    0x08006d34   0x00000094   Data   RO         4512    .constdata          c_w.l(bigflt0.o)
    0x08006dc8   0x000000a7   Data   RO           10    .conststring        main.o
    0x08006e6f   0x00000001   PAD
    0x08006e70   0x00000020   Data   RO         4725    Region$$Table       anon$$obj.o
    0x08006e90   0x00000008   Data   RO         4615    c$$dinf             fz_ws.l(fpconst.o)
    0x08006e98   0x0000001c   Data   RO         4540    locale$$data        c_w.l(lc_numeric_c.o)
    0x08006eb4   0x00000110   Data   RO         4592    locale$$data        c_w.l(lc_ctype_c.o)


    Execution Region RW_IRAM1 (Base: 0x20000000, Size: 0x00001c08, Max: 0x0000c000, ABSOLUTE)

    Base Addr    Size         Type   Attr      Idx    E Section Name        Object

    0x20000000   0x00000004   Data   RW          197    .data               usart.o
    0x20000004   0x00000009   Data   RW          851    .data               stm32f1xx_hal.o
    0x2000000d   0x00000003   PAD
    0x20000010   0x00000004   Data   RW         2157    .data               system_stm32f1xx.o
    0x20000014   0x00000002   Data   RW         2206    .data               ms1100.o
    0x20000016   0x00000002   PAD
    0x20000018   0x0000000a   Data   RW         3107    .data               screen.o
    0x20000022   0x00000002   PAD
    0x20000024   0x00000016   Data   RW         3703    .data               app.o
    0x2000003a   0x00000003   Data   RW         4061    .data               detect.o
    0x2000003d   0x00000003   PAD
    0x20000040   0x000000cc   Zero   RW          196    .bss                usart.o
    0x2000010c   0x00000408   Zero   RW         3106    .bss                screen.o
    0x20000514   0x00000c90   Zero   RW         3701    .bss                app.o
    0x200011a4   0x000000e0   Zero   RW         4058    .bss                detect.o
    0x20001284   0x00000324   Zero   RW         4195    .bss                curvematch.o
    0x200015a8   0x00000060   Zero   RW         4466    .bss                c_w.l(libspace.o)
    0x20001608   0x00000200   Zero   RW          378    HEAP                startup_stm32f103xe.o
    0x20001808   0x00000400   Zero   RW          377    STACK               startup_stm32f103xe.o


==============================================================================

Image component sizes


      Code (inc. data)   RO Data    RW Data    ZI Data      Debug   Object Name

      5316       1356        173         22       3216      45417   app.o
       972         54          0          0          0      10904   at24c256.o
       400         12          0          0        804       2166   curvematch.o
       104         20          0          3        224       3808   detect.o
       344         16          0          0          0       1111   gpio.o
       618          0          0          0          0       6456   hmi_driver.o
       360         36        172          0          0     457227   main.o
       888         64          0          2          0       9389   ms1100.o
      2902        526          0         10       1032      24440   screen.o
        64         26        304          0       1536        788   startup_stm32f103xe.o
       192         36          0          9          0       6693   stm32f1xx_hal.o
       304         22          0          0          0      29579   stm32f1xx_hal_cortex.o
       860         40          0          0          0       3431   stm32f1xx_hal_gpio.o
        84          8          0          0          0        946   stm32f1xx_hal_msp.o
      1784        110          0          0          0       6208   stm32f1xx_hal_rcc.o
       366          4          0          0          0       1800   stm32f1xx_hal_uart.o
        32          0          0          0          0       4138   stm32f1xx_it.o
        38          0          0          0          0       2036   sys.o
         2          0         24          4          0       1191   system_stm32f1xx.o
       592         54          0          4        204       5852   usart.o

    ----------------------------------------------------------------------
     16244       2384        706         64       7016     623580   Object Totals
         0          0         32          0          0          0   (incl. Generated)
        22          0          1         10          0          0   (incl. Padding)

    ----------------------------------------------------------------------

      Code (inc. data)   RO Data    RW Data    ZI Data      Debug   Library Member Name

         8          0          0          0          0         68   __main.o
       284          0          0          0          0        156   __printf_wp.o
         0          0          0          0          0          0   __rtentry.o
        12          0          0          0          0          0   __rtentry2.o
         6          0          0          0          0          0   __rtentry4.o
        52          8          0          0          0          0   __scatter.o
        26          0          0          0          0          0   __scatter_copy.o
        28          0          0          0          0          0   __scatter_zi.o
        28          0          0          0          0         68   _chval.o
         6          0          0          0          0          0   _printf_c.o
        44          0          0          0          0        108   _printf_char.o
        48          6          0          0          0         96   _printf_char_common.o
        36          4          0          0          0         80   _printf_char_file.o
         6          0          0          0          0          0   _printf_d.o
       120         16          0          0          0         92   _printf_dec.o
         6          0          0          0          0          0   _printf_f.o
      1050          0          0          0          0        216   _printf_fp_dec.o
       128         16          0          0          0         84   _printf_fp_infnan.o
       178          0          0          0          0         88   _printf_intcommon.o
         0          0          0          0          0          0   _printf_percent.o
         4          0          0          0          0          0   _printf_percent_end.o
         6          0          0          0          0          0   _printf_s.o
        82          0          0          0          0         80   _printf_str.o
         6          0          0          0          0          0   _printf_u.o
        22          0          0          0          0        100   _rserrno.o
        64          0          0          0          0         84   _sgetc.o
        10          0          0          0          0         68   _sputc.o
       220          4        148          0          0         96   bigflt0.o
      2074        132          0          0          0        940   btod.o
        10          0          0          0          0         68   defsig_exit.o
        50          0          0          0          0         88   defsig_general.o
        80         58          0          0          0         76   defsig_rtmem_inner.o
        14          0          0          0          0         80   defsig_rtmem_outer.o
        18          0          0          0          0         80   exit.o
         8          0          0          0          0         68   ferror.o
        94          0          0          0          0         80   h1_alloc.o
        52          0          0          0          0         68   h1_extend.o
        78          0          0          0          0         80   h1_free.o
        14          0          0          0          0         84   h1_init.o
         6          0          0          0          0        152   heapauxi.o
         4          0          0          0          0        136   hguard.o
       138          0          0          0          0        168   init_alloc.o
        18          0          0          0          0         76   isspace.o
        44         10        272          0          0         76   lc_ctype_c.o
        44         10         28          0          0         76   lc_numeric_c.o
         2          0          0          0          0          0   libinit.o
        38          0          0          0          0          0   libinit2.o
         2          0          0          0          0          0   libshutdown.o
         2          0          0          0          0          0   libshutdown2.o
         8          4          0          0         96         68   libspace.o
        38          0          0          0          0         68   llshl.o
       138          0          0          0          0         80   lludiv10.o
         0          0          0          0          0          0   maybetermalloc1.o
        24          4          0          0          0         84   noretval__2printf.o
        40          6          0          0          0         84   noretval__2sprintf.o
        16          4          0          0          0         76   rt_ctype_table.o
         8          4          0          0          0         68   rt_errno_addr_intlibspace.o
         8          4          0          0          0         68   rt_heap_descriptor_intlibspace.o
         8          4          0          0          0         68   rt_locale_intlibspace.o
        68          0          0          0          0         68   rt_memclr.o
        78          0          0          0          0         80   rt_memclr_w.o
         2          0          0          0          0          0   rtexit.o
        10          0          0          0          0          0   rtexit2.o
      1188         12          0          0          0        148   scanf_fp.o
       792         14          0          0          0        100   scanf_hexfp.o
       308         16          0          0          0        100   scanf_infnan.o
       128          0          0          0          0         68   strcmpv7m.o
       160         12          0          0          0        120   strtod.o
        74          0          0          0          0         80   sys_stackheap_outer.o
         2          0          0          0          0         68   use_no_semi.o
         2          0          0          0          0         68   use_no_semi_2.o
        98          4          0          0          0         92   d2f.o
        16          4          0          0          0         68   dcheck1.o
        24          0          0          0          0         68   dcmpi.o
       120          4          0          0          0         92   deqf.o
       120          4          0          0          0         92   dleqf.o
       156          4          0          0          0         92   dnaninf.o
        12          0          0          0          0         68   dretinf.o
       108          0          0          0          0         80   drleqf.o
        86          4          0          0          0         84   f2d.o
       450          8          0          0          0        236   faddsub_clz.o
       388         76          0          0          0         96   fdiv.o
        86          0          0          0          0        136   fflt_clz.o
       258          4          0          0          0         84   fmul.o
       140          4          0          0          0         84   fnaninf.o
         0          0          8          0          0          0   fpconst.o
        10          0          0          0          0         68   fretinf.o
         4          0          0          0          0         68   printf1.o
       100          0          0          0          0         68   retnan.o
        92          0          0          0          0         68   scalbn.o
         4          0          0          0          0         68   scanf1.o
         8          0          0          0          0         84   scanf2.o
        48          0          0          0          0         68   trapv.o
         0          0          0          0          0          0   usenofp.o
        42          0          0          0          0         84   atof.o
        30          6          0          0          0        136   dunder.o
        40          0          0          0          0         68   fpclassify.o
        88          8          0          0          0         76   frexp.o
       138          0          0          0          0        160   ldexp.o
       152          4          0          0          0        168   narrow.o

    ----------------------------------------------------------------------
     11206        484        456          0         96       8000   Library Totals
        18          2          0          0          0          0   (incl. Padding)

    ----------------------------------------------------------------------

      Code (inc. data)   RO Data    RW Data    ZI Data      Debug   Library Name

      8370        348        448          0         96       5444   c_w.l
      2328        116          8          0          0       1864   fz_ws.l
       490         18          0          0          0        692   m_ws.l

    ----------------------------------------------------------------------
     11206        484        456          0         96       8000   Library Totals

    ----------------------------------------------------------------------

==============================================================================


      Code (inc. data)   RO Data    RW Data    ZI Data      Debug   

     27450       2868       1162         64       7112     617744   Grand Totals
     27450       2868       1162         64       7112     617744   ELF Image Totals
     27450       2868       1162         64          0          0   ROM Totals

==============================================================================

    Total RO  Size (Code + RO Data)                28612 (  27.94kB)
    Total RW  Size (RW Data + ZI Data)              7176 (   7.01kB)
    Total ROM Size (Code + RO Data + RW Data)      28676 (  28.00kB)

==============================================================================

